MPLINK 4.40, Linker
Linker Map File - Created Fri May 17 08:00:48 2013

                                 Section Info
                  Section       Type    Address   Location Size(Bytes)
                ---------  ---------  ---------  ---------  ---------
               _entry_scn       code   0x000000    program   0x000006
       .code__user_putc.o       code   0x000006    program   0x000002
    HIGH_INTERRUPT_VECTOR       code   0x000008    program   0x000006
           .code___init.o       code   0x00000e    program   0x000002
      .romdata_fxd3232u.o    romdata   0x000010    program   0x000000
       .idata_fxm3232.o_i    romdata   0x000010    program   0x000000
       .romdata_fxm3232.o    romdata   0x000010    program   0x000000
        .idata___init.o_i    romdata   0x000010    program   0x000000
        .romdata___init.o    romdata   0x000010    program   0x000000
      .idata_fxd3232u.o_i    romdata   0x000010    program   0x000000
           .idata_exp.o_i    romdata   0x000010    program   0x000000
           .romdata_exp.o    romdata   0x000010    program   0x000000
            .romdata_hw.o    romdata   0x000010    program   0x000000
      .idata_UnpkMath.o_i    romdata   0x000010    program   0x000000
      .romdata_UnpkMath.o    romdata   0x000010    program   0x000000
         .idata_errno.o_i    romdata   0x000010    program   0x000000
         .romdata_errno.o    romdata   0x000010    program   0x000000
            .code_errno.o       code   0x000010    program   0x000000
          .idata_fabs.o_i    romdata   0x000010    program   0x000000
          .romdata_fabs.o    romdata   0x000010    program   0x000000
         .idata_ldexp.o_i    romdata   0x000010    program   0x000000
         .romdata_ldexp.o    romdata   0x000010    program   0x000000
      .idata_PackMath.o_i    romdata   0x000010    program   0x000000
      .romdata_PackMath.o    romdata   0x000010    program   0x000000
           .idata_log.o_i    romdata   0x000010    program   0x000000
           .romdata_log.o    romdata   0x000010    program   0x000000
         .idata_frexp.o_i    romdata   0x000010    program   0x000000
         .romdata_frexp.o    romdata   0x000010    program   0x000000
       .idata_sprintf.o_i    romdata   0x000010    program   0x000000
       .romdata_sprintf.o    romdata   0x000010    program   0x000000
      .idata_vfprintf.o_i    romdata   0x000010    program   0x000000
          .idata_putc.o_i    romdata   0x000010    program   0x000000
          .romdata_putc.o    romdata   0x000010    program   0x000000
    .idata__user_putc.o_i    romdata   0x000010    program   0x000000
    .romdata__user_putc.o    romdata   0x000010    program   0x000000
.idata_usb_descriptors.o_i    romdata   0x000010    program   0x000000
  .code_usb_descriptors.o       code   0x000010    program   0x000000
    .idata_usb_device.o_i    romdata   0x000010    program   0x000000
    .romdata_usb_device.o    romdata   0x000010    program   0x000000
.idata_usb_function_cdc.o_i    romdata   0x000010    program   0x000000
.romdata_usb_function_cdc.o    romdata   0x000010    program   0x000000
    .idata_main_tasks.o_i    romdata   0x000010    program   0x000000
          .romdata_main.o    romdata   0x000010    program   0x000000
    .romdata_main_tasks.o    romdata   0x000010    program   0x000000
          .idata_main.o_i    romdata   0x000010    program   0x000000
            .code_c018i.o       code   0x000010    program   0x000000
         .romdata_c018i.o    romdata   0x000010    program   0x000000
         .idata_c018i.o_i    romdata   0x000010    program   0x000000
            .idata_hw.o_i    romdata   0x000010    program   0x000000
     LOW_INTERRUPT_VECTOR       code   0x000018    program   0x000006
               .code_hw.o       code   0x00001e    program   0x000cb2
            .code_ldexp.o       code   0x000cd0    program   0x000138
            .code_frexp.o       code   0x000e08    program   0x000124
.romdata_usb_descriptors.o    romdata   0x000f2c    program   0x0000c9
    REMAPPED_RESET_VECTOR       code   0x001000    program   0x000006
                   .cinit    romdata   0x001006    program   0x000002
REMAPPED_HIGH_INTERRUPT_VECTOR       code   0x001008    program   0x000006
REMAPPED_LOW_INTERRUPT_VECTOR       code   0x001018    program   0x000006
       .code_main_tasks.o       code   0x00101e    program   0x0013e6
       .code_usb_device.o       code   0x002404    program   0x001318
         .code_vfprintf.o       code   0x00371c    program   0x000c22
                     PROG       code   0x00433e    program   0x00064a
              .code_exp.o       code   0x004988    program   0x0005c6
              .code_log.o       code   0x004f4e    program   0x0004fa
 .code_usb_function_cdc.o       code   0x005448    program   0x0004f2
             .code_main.o       code   0x00593a    program   0x000338
         .code_UnpkMath.o       code   0x005c72    program   0x00011c
         .code_PackMath.o       code   0x005d8e    program   0x00011a
             .stringtable    romdata   0x005ea8    program   0x0000f0
          .code_sprintf.o       code   0x005f98    program   0x0000ac
               _cinit_scn       code   0x006044    program   0x00009e
                   STRING       code   0x0060e2    program   0x00009a
             .code_putc.o       code   0x00617c    program   0x000084
          .code_fxm3232.o       code   0x006200    program   0x000070
             .code_fabs.o       code   0x006270    program   0x000066
         .code_fxd3232u.o       code   0x0062d6    program   0x000048
                    CTYPE       code   0x00631e    program   0x000024
              D1KTCYXCODE       code   0x006342    program   0x000020
                    .code       code   0x006362    program   0x000020
             _startup_scn       code   0x006382    program   0x00001c
                    STDIO       code   0x00639e    program   0x00001c
      .romdata_vfprintf.o    romdata   0x0063ba    program   0x000011
      .config_7ff8_main.o    romdata   0x007ff8    program   0x000001
      .config_7ff9_main.o    romdata   0x007ff9    program   0x000001
      .config_7ffa_main.o    romdata   0x007ffa    program   0x000001
      .config_7ffb_main.o    romdata   0x007ffb    program   0x000001
      .config_7ffc_main.o    romdata   0x007ffc    program   0x000001
      .config_7ffd_main.o    romdata   0x007ffd    program   0x000001
      .config_7ffe_main.o    romdata   0x007ffe    program   0x000001
      .config_7fff_main.o    romdata   0x007fff    program   0x000001
                 .tmpdata      udata   0x000000       data   0x000020
                MATH_DATA      udata   0x000020       data   0x000014
                DELAYDAT1      udata   0x000034       data   0x000001
            .udata_main.o      udata   0x000060       data   0x000086
      .udata_main_tasks.o      udata   0x000100       data   0x0000d3
                  USB_BDT      udata   0x000400       data   0x000040
.udata_usb_function_cdc.o      udata   0x000440       data   0x0000aa
           .udata_c018i.o      udata   0x0004ea       data   0x00000a
           .udata_errno.o      udata   0x0004f4       data   0x000002
             .udata_exp.o      udata   0x0004f6       data   0x000000
             .idata_exp.o      idata   0x0004f6       data   0x000000
          .idata___init.o      idata   0x0004f6       data   0x000000
        .udata_UnpkMath.o      udata   0x0004f6       data   0x000000
          .udata___init.o      udata   0x0004f6       data   0x000000
        .idata_UnpkMath.o      idata   0x0004f6       data   0x000000
           .idata_errno.o      idata   0x0004f6       data   0x000000
            .udata_fabs.o      udata   0x0004f6       data   0x000000
            .idata_fabs.o      idata   0x0004f6       data   0x000000
           .udata_ldexp.o      udata   0x0004f6       data   0x000000
           .idata_ldexp.o      idata   0x0004f6       data   0x000000
        .udata_PackMath.o      udata   0x0004f6       data   0x000000
        .idata_PackMath.o      idata   0x0004f6       data   0x000000
             .udata_log.o      udata   0x0004f6       data   0x000000
             .idata_log.o      idata   0x0004f6       data   0x000000
           .udata_frexp.o      udata   0x0004f6       data   0x000000
           .idata_frexp.o      idata   0x0004f6       data   0x000000
         .udata_sprintf.o      udata   0x0004f6       data   0x000000
         .idata_sprintf.o      idata   0x0004f6       data   0x000000
        .udata_vfprintf.o      udata   0x0004f6       data   0x000000
        .idata_vfprintf.o      idata   0x0004f6       data   0x000000
            .udata_putc.o      udata   0x0004f6       data   0x000000
            .idata_putc.o      idata   0x0004f6       data   0x000000
      .udata__user_putc.o      udata   0x0004f6       data   0x000000
      .idata__user_putc.o      idata   0x0004f6       data   0x000000
         .idata_fxm3232.o      idata   0x0004f6       data   0x000000
         .udata_fxm3232.o      udata   0x0004f6       data   0x000000
        .idata_fxd3232u.o      idata   0x0004f6       data   0x000000
        .udata_fxd3232u.o      udata   0x0004f6       data   0x000000
           .idata_c018i.o      idata   0x0004f6       data   0x000000
            .idata_main.o      idata   0x0004f6       data   0x000000
 .udata_usb_descriptors.o      udata   0x0004f6       data   0x000000
 .idata_usb_descriptors.o      idata   0x0004f6       data   0x000000
      .idata_usb_device.o      idata   0x0004f6       data   0x000000
.idata_usb_function_cdc.o      idata   0x0004f6       data   0x000000
      .idata_main_tasks.o      idata   0x0004f6       data   0x000000
              .udata_hw.o      udata   0x0004f6       data   0x000000
              .idata_hw.o      idata   0x0004f6       data   0x000000
                   .stack      udata   0x000d00       data   0x000100
      .udata_usb_device.o      udata   0x000e00       data   0x000035
              SFR_BANKED0      udata   0x000ec6       data   0x00000e
              SFR_BANKED1      udata   0x000ed7       data   0x000002
              SFR_BANKED2      udata   0x000ee7       data   0x000004
              SFR_BANKED3      udata   0x000eec       data   0x000003
              SFR_BANKED4      udata   0x000ef2       data   0x000002
              SFR_BANKED5      udata   0x000ef6       data   0x000002
              SFR_BANKED6      udata   0x000efb       data   0x000005
              SFR_BANKED7      udata   0x000f26       data   0x000014
              SFR_BANKED8      udata   0x000f3c       data   0x000007
              SFR_BANKED9      udata   0x000f48       data   0x000008
             SFR_BANKED10      udata   0x000f52       data   0x000002
            SFR_UNBANKED0      udata   0x000f60       data   0x0000a0



                              Program Memory Usage 
                               Start         End      
                           ---------   ---------      
                            0x000000    0x00000f      
                            0x000018    0x000ff4      
                            0x001000    0x00100d      
                            0x001018    0x0063ca      
                            0x007ff8    0x007fff      
            25526 out of 32770 program addresses used, program memory utilization is 77%



                              Symbols - Sorted by Name
                     Name    Address   Location    Storage File                     
                ---------  ---------  ---------  --------- ---------                
                CDCInitEP   0x0054ea    program     extern C:\jaro_s\proj\129_minivyskomer\mvm_pub\usb_function_cdc.c
             CDCTxService   0x0057e6    program     extern C:\jaro_s\proj\129_minivyskomer\mvm_pub\usb_function_cdc.c
                    D1K_1   0x00634e    program     static C:\MCC18\v3_39\src\traditional\delays\d1ktcyx.asm
                     D1Kx   0x00634c    program     static C:\MCC18\v3_39\src\traditional\delays\d1ktcyx.asm
              Delay1KTCYx   0x006342    program     extern C:\MCC18\v3_39\src\traditional\delays\d1ktcyx.asm
                 FLO1632S   0x004342    program     extern C:\MCC18\v3_39\src\traditional\math\cast16FP.asm
                 FLO1632U   0x00433e    program     extern C:\MCC18\v3_39\src\traditional\math\cast16FP.asm
                 FLO3232S   0x00436c    program     extern C:\MCC18\v3_39\src\traditional\math\cast32FP.asm
                 FLO3232U   0x004368    program     extern C:\MCC18\v3_39\src\traditional\math\cast32FP.asm
                    FPA32   0x0043a0    program     extern C:\MCC18\v3_39\src\traditional\math\addFP.asm
                    FPD32   0x0044cc    program     extern C:\MCC18\v3_39\src\traditional\math\divFP.asm
                    FPM32   0x004572    program     extern C:\MCC18\v3_39\src\traditional\math\mulFP.asm
                    FPS32   0x00439e    program     extern C:\MCC18\v3_39\src\traditional\math\addFP.asm
                 FXD3232U   0x0062d6    program     extern C:\MCC18\v3_39\src\traditional\math\fxd3232u.c
                 FXM1616S   0x00492e    program     extern C:\MCC18\v3_39\src\traditional\math\fxm1616s.asm
                 FXM1616U   0x00464c    program     extern C:\MCC18\v3_39\src\traditional\math\fxm1616u.asm
                  FXM3232   0x006200    program     extern C:\MCC18\v3_39\src\traditional\math\fxm3232.c
                 High_ISR   0x000008    program     extern C:\jaro_s\proj\129_minivyskomer\mvm_pub\main.c
                  INT3216   0x004688    program     extern C:\MCC18\v3_39\src\traditional\math\castFP16.asm
                  INT3232   0x0046e6    program     extern C:\MCC18\v3_39\src\traditional\math\castFP32.asm
         InitializeSystem   0x005a7a    program     static C:\jaro_s\proj\129_minivyskomer\mvm_pub\main.c
                  Low_ISR   0x000018    program     extern C:\jaro_s\proj\129_minivyskomer\mvm_pub\main.c
                ProcessIO   0x005a7e    program     extern C:\jaro_s\proj\129_minivyskomer\mvm_pub\main.c
        Remapped_High_ISR   0x001008    program     extern C:\jaro_s\proj\129_minivyskomer\mvm_pub\main.c
         Remapped_Low_ISR   0x001018    program     extern C:\jaro_s\proj\129_minivyskomer\mvm_pub\main.c
                  TAGTB32   0x004860    program     extern C:\MCC18\v3_39\src\traditional\math\gtFP.asm
                  TALTB32   0x004872    program     extern C:\MCC18\v3_39\src\traditional\math\ltFP.asm
               TSIGN1616A   0x00497a    program     static C:\MCC18\v3_39\src\traditional\math\fxm1616s.asm
       USBCBCheckOtherReq   0x005b82    program     extern C:\jaro_s\proj\129_minivyskomer\mvm_pub\main.c
        USBCBErrorHandler   0x005b80    program     extern C:\jaro_s\proj\129_minivyskomer\mvm_pub\main.c
              USBCBInitEP   0x005b88    program     extern C:\jaro_s\proj\129_minivyskomer\mvm_pub\main.c
          USBCBSendResume   0x005b8c    program     extern C:\jaro_s\proj\129_minivyskomer\mvm_pub\main.c
    USBCBStdSetDscHandler   0x005b86    program     extern C:\jaro_s\proj\129_minivyskomer\mvm_pub\main.c
             USBCBSuspend   0x005b7a    program     extern C:\jaro_s\proj\129_minivyskomer\mvm_pub\main.c
     USBCBWakeFromSuspend   0x005b7c    program     extern C:\jaro_s\proj\129_minivyskomer\mvm_pub\main.c
        USBCB_SOF_Handler   0x005b7e    program     extern C:\jaro_s\proj\129_minivyskomer\mvm_pub\main.c
       USBCDCEventHandler   0x005550    program     extern C:\jaro_s\proj\129_minivyskomer\mvm_pub\usb_function_cdc.c
              USBCancelIO   0x0028fa    program     extern C:\jaro_s\proj\129_minivyskomer\mvm_pub\usb_device.c
       USBCheckCDCRequest   0x005448    program     extern C:\jaro_s\proj\129_minivyskomer\mvm_pub\usb_function_cdc.c
       USBCheckStdRequest   0x0033c6    program     static C:\jaro_s\proj\129_minivyskomer\mvm_pub\usb_device.c
     USBConfigureEndpoint   0x002b0e    program     static C:\jaro_s\proj\129_minivyskomer\mvm_pub\usb_device.c
  USBCtrlEPAllowDataStage   0x002a8e    program     extern C:\jaro_s\proj\129_minivyskomer\mvm_pub\usb_device.c
USBCtrlEPAllowStatusStage   0x0029ec    program     extern C:\jaro_s\proj\129_minivyskomer\mvm_pub\usb_device.c
         USBCtrlEPService   0x003194    program     static C:\jaro_s\proj\129_minivyskomer\mvm_pub\usb_device.c
 USBCtrlEPServiceComplete   0x002bc8    program     static C:\jaro_s\proj\129_minivyskomer\mvm_pub\usb_device.c
      USBCtrlTrfInHandler   0x00330c    program     static C:\jaro_s\proj\129_minivyskomer\mvm_pub\usb_device.c
     USBCtrlTrfOutHandler   0x0032c2    program     static C:\jaro_s\proj\129_minivyskomer\mvm_pub\usb_device.c
      USBCtrlTrfRxService   0x002d4e    program     static C:\jaro_s\proj\129_minivyskomer\mvm_pub\usb_device.c
   USBCtrlTrfSetupHandler   0x003264    program     static C:\jaro_s\proj\129_minivyskomer\mvm_pub\usb_device.c
      USBCtrlTrfTxService   0x002c8a    program     static C:\jaro_s\proj\129_minivyskomer\mvm_pub\usb_device.c
          USBDeviceAttach   0x0029b8    program     extern C:\jaro_s\proj\129_minivyskomer\mvm_pub\usb_device.c
          USBDeviceDetach   0x0029aa    program     extern C:\jaro_s\proj\129_minivyskomer\mvm_pub\usb_device.c
            USBDeviceInit   0x002404    program     extern C:\jaro_s\proj\129_minivyskomer\mvm_pub\usb_device.c
           USBDeviceTasks   0x002524    program     extern C:\jaro_s\proj\129_minivyskomer\mvm_pub\usb_device.c
        USBEnableEndpoint   0x0026a6    program     extern C:\jaro_s\proj\129_minivyskomer\mvm_pub\usb_device.c
         USBStallEndpoint   0x00281a    program     extern C:\jaro_s\proj\129_minivyskomer\mvm_pub\usb_device.c
          USBStallHandler   0x003104    program     static C:\jaro_s\proj\129_minivyskomer\mvm_pub\usb_device.c
  USBStdFeatureReqHandler   0x00348e    program     static C:\jaro_s\proj\129_minivyskomer\mvm_pub\usb_device.c
      USBStdGetDscHandler   0x002f74    program     static C:\jaro_s\proj\129_minivyskomer\mvm_pub\usb_device.c
   USBStdGetStatusHandler   0x003034    program     static C:\jaro_s\proj\129_minivyskomer\mvm_pub\usb_device.c
      USBStdSetCfgHandler   0x002e8e    program     static C:\jaro_s\proj\129_minivyskomer\mvm_pub\usb_device.c
               USBSuspend   0x003138    program     static C:\jaro_s\proj\129_minivyskomer\mvm_pub\usb_device.c
     USBTransferOnePacket   0x002714    program     extern C:\jaro_s\proj\129_minivyskomer\mvm_pub\usb_device.c
       USBWakeFromSuspend   0x003164    program     static C:\jaro_s\proj\129_minivyskomer\mvm_pub\usb_device.c
               USB_CD_Ptr   0x000fed    program     extern C:\jaro_s\proj\129_minivyskomer\mvm_pub\usb_descriptors.c
               USB_SD_Ptr   0x000fef    program     extern C:\jaro_s\proj\129_minivyskomer\mvm_pub\usb_descriptors.c
USER_USB_CALLBACK_EVENT_HANDLER   0x005bd4    program     extern C:\jaro_s\proj\129_minivyskomer\mvm_pub\main.c
  YourHighPriorityISRCode   0x00593a    program     extern C:\jaro_s\proj\129_minivyskomer\mvm_pub\main.c
   YourLowPriorityISRCode   0x0059d4    program     extern C:\jaro_s\proj\129_minivyskomer\mvm_pub\main.c
              _2jContinue   0x006102    program     static C:\MCC18\v3_39\src\traditional\stdclib\memset.asm
                   _2jEnd   0x006166    program     static C:\MCC18\v3_39\src\traditional\stdclib\slenpgm.asm
                   _3jEnd   0x00610c    program     static C:\MCC18\v3_39\src\traditional\stdclib\memset.asm
        _D1KTCYXCODE_0010   0x006352    program     static C:\MCC18\v3_39\src\traditional\delays\d1ktcyx.asm
        _D1KTCYXCODE_0016   0x006358    program     static C:\MCC18\v3_39\src\traditional\delays\d1ktcyx.asm
                _PackMath   0x005d8e    program     extern C:\MCC18\v3_39\src\traditional\stdclib\PackMath.c
                _UnpkMath   0x005c72    program     extern C:\MCC18\v3_39\src\traditional\stdclib\UnpkMath.c
              __FpCompare   0x004884    program     extern C:\MCC18\v3_39\src\traditional\math\compFP.asm
                 __FpExit   0x004760    program     extern C:\MCC18\v3_39\src\traditional\math\packFP.asm
                 __FpPack   0x00478c    program     extern C:\MCC18\v3_39\src\traditional\math\packFP.asm
            __FpReturnNaN   0x004754    program     extern C:\MCC18\v3_39\src\traditional\math\packFP.asm
         __FpReturnNegInf   0x004766    program     extern C:\MCC18\v3_39\src\traditional\math\packFP.asm
        __FpReturnNegZero   0x00477e    program     extern C:\MCC18\v3_39\src\traditional\math\packFP.asm
         __FpReturnPosInf   0x00476c    program     extern C:\MCC18\v3_39\src\traditional\math\packFP.asm
        __FpReturnPosZero   0x004786    program     extern C:\MCC18\v3_39\src\traditional\math\packFP.asm
        __FpReturnSignInf   0x004762    program     extern C:\MCC18\v3_39\src\traditional\math\packFP.asm
       __FpReturnSignZero   0x00477a    program     extern C:\MCC18\v3_39\src\traditional\math\packFP.asm
              __FpReturnW   0x0047e4    program     extern C:\MCC18\v3_39\src\traditional\math\packFP.asm
              __FpUnPackA   0x004804    program     extern C:\MCC18\v3_39\src\traditional\math\UnpackFP.asm
              __FpUnPackB   0x004834    program     extern C:\MCC18\v3_39\src\traditional\math\UnpackFP.asm
       ___return_lbl00000   0x00631c    program     static                          
       ___return_lbl00000   0x00626e    program     static                          
       ___return_lbl00000   0x000004    program     static                          
       ___return_lbl00000   0x001004    program     static                          
       ___return_lbl00001   0x00100c    program     static                          
       ___return_lbl00001   0x00639c    program     static                          
       ___return_lbl00002   0x00101c    program     static                          
       ___return_lbl00002   0x0060e0    program     static                          
       ___return_lbl00003   0x00000c    program     static                          
       ___return_lbl00004   0x00001c    program     static                          
               __config_0   0x007ff8    program     static C:\jaro_s\proj\129_minivyskomer\mvm_pub\main.c
               __config_1   0x007ff9    program     static C:\jaro_s\proj\129_minivyskomer\mvm_pub\main.c
               __config_2   0x007ffa    program     static C:\jaro_s\proj\129_minivyskomer\mvm_pub\main.c
               __config_3   0x007ffb    program     static C:\jaro_s\proj\129_minivyskomer\mvm_pub\main.c
               __config_4   0x007ffc    program     static C:\jaro_s\proj\129_minivyskomer\mvm_pub\main.c
               __config_5   0x007ffd    program     static C:\jaro_s\proj\129_minivyskomer\mvm_pub\main.c
               __config_6   0x007ffe    program     static C:\jaro_s\proj\129_minivyskomer\mvm_pub\main.c
               __config_7   0x007fff    program     static C:\jaro_s\proj\129_minivyskomer\mvm_pub\main.c
               __delay_ms   0x0001a6    program     extern C:\jaro_s\proj\129_minivyskomer\2_mvm2\hw.c
                   __init   0x00000e    program     extern C:\MCC18\v3_39\src\traditional\stdclib\__init.c
                   __pa_0   0x004e18    program     static C:\MCC18\v3_39\src\traditional\stdclib\exp.c
                   __pa_0   0x00405c    program     static C:\MCC18\v3_39\src\traditional\stdclib\vfprintf.c
                   __pa_0   0x005d80    program     static C:\MCC18\v3_39\src\traditional\stdclib\UnpkMath.c
                   __pa_0   0x000dfe    program     static C:\MCC18\v3_39\src\traditional\stdclib\ldexp.c
                   __pa_0   0x005314    program     static C:\MCC18\v3_39\src\traditional\stdclib\log.c
                   __pa_0   0x000f10    program     static C:\MCC18\v3_39\src\traditional\stdclib\frexp.c
                   __pa_0   0x005e56    program     static C:\MCC18\v3_39\src\traditional\stdclib\PackMath.c
                   __pa_1   0x004064    program     static C:\MCC18\v3_39\src\traditional\stdclib\vfprintf.c
                   __pa_1   0x005320    program     static C:\MCC18\v3_39\src\traditional\stdclib\log.c
                   __pa_1   0x005e66    program     static C:\MCC18\v3_39\src\traditional\stdclib\PackMath.c
                   __pa_1   0x000f1e    program     static C:\MCC18\v3_39\src\traditional\stdclib\frexp.c
                   __pa_1   0x004e20    program     static C:\MCC18\v3_39\src\traditional\stdclib\exp.c
                  __pa_10   0x004efe    program     static C:\MCC18\v3_39\src\traditional\stdclib\exp.c
                  __pa_10   0x004118    program     static C:\MCC18\v3_39\src\traditional\stdclib\vfprintf.c
                  __pa_10   0x0053d6    program     static C:\MCC18\v3_39\src\traditional\stdclib\log.c
                  __pa_11   0x0053de    program     static C:\MCC18\v3_39\src\traditional\stdclib\log.c
                  __pa_11   0x004126    program     static C:\MCC18\v3_39\src\traditional\stdclib\vfprintf.c
                  __pa_11   0x004f10    program     static C:\MCC18\v3_39\src\traditional\stdclib\exp.c
                  __pa_12   0x0053f0    program     static C:\MCC18\v3_39\src\traditional\stdclib\log.c
                  __pa_12   0x004f22    program     static C:\MCC18\v3_39\src\traditional\stdclib\exp.c
                  __pa_12   0x00413c    program     static C:\MCC18\v3_39\src\traditional\stdclib\vfprintf.c
                  __pa_13   0x00540a    program     static C:\MCC18\v3_39\src\traditional\stdclib\log.c
                  __pa_13   0x004f2e    program     static C:\MCC18\v3_39\src\traditional\stdclib\exp.c
                  __pa_13   0x004156    program     static C:\MCC18\v3_39\src\traditional\stdclib\vfprintf.c
                  __pa_14   0x00541c    program     static C:\MCC18\v3_39\src\traditional\stdclib\log.c
                  __pa_14   0x004f3c    program     static C:\MCC18\v3_39\src\traditional\stdclib\exp.c
                  __pa_14   0x00416e    program     static C:\MCC18\v3_39\src\traditional\stdclib\vfprintf.c
                  __pa_15   0x004f46    program     static C:\MCC18\v3_39\src\traditional\stdclib\exp.c
                  __pa_15   0x00417e    program     static C:\MCC18\v3_39\src\traditional\stdclib\vfprintf.c
                  __pa_15   0x00542e    program     static C:\MCC18\v3_39\src\traditional\stdclib\log.c
                  __pa_16   0x00543a    program     static C:\MCC18\v3_39\src\traditional\stdclib\log.c
                  __pa_16   0x004194    program     static C:\MCC18\v3_39\src\traditional\stdclib\vfprintf.c
                  __pa_17   0x0041a6    program     static C:\MCC18\v3_39\src\traditional\stdclib\vfprintf.c
                  __pa_18   0x0041b8    program     static C:\MCC18\v3_39\src\traditional\stdclib\vfprintf.c
                  __pa_19   0x0041c2    program     static C:\MCC18\v3_39\src\traditional\stdclib\vfprintf.c
                   __pa_2   0x004e40    program     static C:\MCC18\v3_39\src\traditional\stdclib\exp.c
                   __pa_2   0x005332    program     static C:\MCC18\v3_39\src\traditional\stdclib\log.c
                   __pa_2   0x005e74    program     static C:\MCC18\v3_39\src\traditional\stdclib\PackMath.c
                   __pa_2   0x00406e    program     static C:\MCC18\v3_39\src\traditional\stdclib\vfprintf.c
                  __pa_20   0x0041d2    program     static C:\MCC18\v3_39\src\traditional\stdclib\vfprintf.c
                  __pa_21   0x0041e2    program     static C:\MCC18\v3_39\src\traditional\stdclib\vfprintf.c
                  __pa_22   0x0041f2    program     static C:\MCC18\v3_39\src\traditional\stdclib\vfprintf.c
                  __pa_23   0x0041fe    program     static C:\MCC18\v3_39\src\traditional\stdclib\vfprintf.c
                  __pa_24   0x00420c    program     static C:\MCC18\v3_39\src\traditional\stdclib\vfprintf.c
                  __pa_25   0x004214    program     static C:\MCC18\v3_39\src\traditional\stdclib\vfprintf.c
                  __pa_26   0x00421e    program     static C:\MCC18\v3_39\src\traditional\stdclib\vfprintf.c
                  __pa_27   0x004228    program     static C:\MCC18\v3_39\src\traditional\stdclib\vfprintf.c
                  __pa_28   0x004230    program     static C:\MCC18\v3_39\src\traditional\stdclib\vfprintf.c
                  __pa_29   0x00423e    program     static C:\MCC18\v3_39\src\traditional\stdclib\vfprintf.c
                   __pa_3   0x004e5a    program     static C:\MCC18\v3_39\src\traditional\stdclib\exp.c
                   __pa_3   0x004078    program     static C:\MCC18\v3_39\src\traditional\stdclib\vfprintf.c
                   __pa_3   0x00534e    program     static C:\MCC18\v3_39\src\traditional\stdclib\log.c
                   __pa_3   0x005e7e    program     static C:\MCC18\v3_39\src\traditional\stdclib\PackMath.c
                  __pa_30   0x00425a    program     static C:\MCC18\v3_39\src\traditional\stdclib\vfprintf.c
                  __pa_31   0x004274    program     static C:\MCC18\v3_39\src\traditional\stdclib\vfprintf.c
                  __pa_32   0x00428e    program     static C:\MCC18\v3_39\src\traditional\stdclib\vfprintf.c
                  __pa_33   0x0042a6    program     static C:\MCC18\v3_39\src\traditional\stdclib\vfprintf.c
                  __pa_34   0x0042b0    program     static C:\MCC18\v3_39\src\traditional\stdclib\vfprintf.c
                  __pa_35   0x0042be    program     static C:\MCC18\v3_39\src\traditional\stdclib\vfprintf.c
                  __pa_36   0x0042c6    program     static C:\MCC18\v3_39\src\traditional\stdclib\vfprintf.c
                  __pa_37   0x0042d0    program     static C:\MCC18\v3_39\src\traditional\stdclib\vfprintf.c
                  __pa_38   0x0042e0    program     static C:\MCC18\v3_39\src\traditional\stdclib\vfprintf.c
                  __pa_39   0x0042ee    program     static C:\MCC18\v3_39\src\traditional\stdclib\vfprintf.c
                   __pa_4   0x004e6a    program     static C:\MCC18\v3_39\src\traditional\stdclib\exp.c
                   __pa_4   0x005354    program     static C:\MCC18\v3_39\src\traditional\stdclib\log.c
                   __pa_4   0x004090    program     static C:\MCC18\v3_39\src\traditional\stdclib\vfprintf.c
                   __pa_4   0x005e8c    program     static C:\MCC18\v3_39\src\traditional\stdclib\PackMath.c
                  __pa_40   0x0042fa    program     static C:\MCC18\v3_39\src\traditional\stdclib\vfprintf.c
                  __pa_41   0x004306    program     static C:\MCC18\v3_39\src\traditional\stdclib\vfprintf.c
                  __pa_42   0x00430e    program     static C:\MCC18\v3_39\src\traditional\stdclib\vfprintf.c
                  __pa_43   0x004318    program     static C:\MCC18\v3_39\src\traditional\stdclib\vfprintf.c
                  __pa_44   0x00431e    program     static C:\MCC18\v3_39\src\traditional\stdclib\vfprintf.c
                  __pa_45   0x004328    program     static C:\MCC18\v3_39\src\traditional\stdclib\vfprintf.c
                  __pa_46   0x004334    program     static C:\MCC18\v3_39\src\traditional\stdclib\vfprintf.c
                   __pa_5   0x004e7c    program     static C:\MCC18\v3_39\src\traditional\stdclib\exp.c
                   __pa_5   0x005e94    program     static C:\MCC18\v3_39\src\traditional\stdclib\PackMath.c
                   __pa_5   0x0040a4    program     static C:\MCC18\v3_39\src\traditional\stdclib\vfprintf.c
                   __pa_5   0x00535e    program     static C:\MCC18\v3_39\src\traditional\stdclib\log.c
                   __pa_6   0x004e92    program     static C:\MCC18\v3_39\src\traditional\stdclib\exp.c
                   __pa_6   0x00537c    program     static C:\MCC18\v3_39\src\traditional\stdclib\log.c
                   __pa_6   0x0040c0    program     static C:\MCC18\v3_39\src\traditional\stdclib\vfprintf.c
                   __pa_6   0x005e9c    program     static C:\MCC18\v3_39\src\traditional\stdclib\PackMath.c
                   __pa_7   0x004eb0    program     static C:\MCC18\v3_39\src\traditional\stdclib\exp.c
                   __pa_7   0x005396    program     static C:\MCC18\v3_39\src\traditional\stdclib\log.c
                   __pa_7   0x0040ca    program     static C:\MCC18\v3_39\src\traditional\stdclib\vfprintf.c
                   __pa_8   0x004ecc    program     static C:\MCC18\v3_39\src\traditional\stdclib\exp.c
                   __pa_8   0x0053b0    program     static C:\MCC18\v3_39\src\traditional\stdclib\log.c
                   __pa_8   0x0040d6    program     static C:\MCC18\v3_39\src\traditional\stdclib\vfprintf.c
                   __pa_9   0x004eea    program     static C:\MCC18\v3_39\src\traditional\stdclib\exp.c
                   __pa_9   0x0040f8    program     static C:\MCC18\v3_39\src\traditional\stdclib\vfprintf.c
                   __pa_9   0x0053c6    program     static C:\MCC18\v3_39\src\traditional\stdclib\log.c
               __string_0   0x005f89    program     static C:\jaro_s\proj\129_minivyskomer\2_mvm2\main_tasks.c
               __string_1   0x005f7e    program     static C:\jaro_s\proj\129_minivyskomer\2_mvm2\main_tasks.c
              __string_10   0x005f2b    program     static C:\jaro_s\proj\129_minivyskomer\2_mvm2\main_tasks.c
              __string_11   0x005f22    program     static C:\jaro_s\proj\129_minivyskomer\2_mvm2\main_tasks.c
              __string_12   0x005f1d    program     static C:\jaro_s\proj\129_minivyskomer\2_mvm2\main_tasks.c
              __string_13   0x005f13    program     static C:\jaro_s\proj\129_minivyskomer\2_mvm2\main_tasks.c
              __string_14   0x005f09    program     static C:\jaro_s\proj\129_minivyskomer\2_mvm2\main_tasks.c
              __string_15   0x005f03    program     static C:\jaro_s\proj\129_minivyskomer\2_mvm2\main_tasks.c
              __string_16   0x005ef9    program     static C:\jaro_s\proj\129_minivyskomer\2_mvm2\main_tasks.c
              __string_17   0x005ef0    program     static C:\jaro_s\proj\129_minivyskomer\2_mvm2\main_tasks.c
              __string_18   0x005ee6    program     static C:\jaro_s\proj\129_minivyskomer\2_mvm2\main_tasks.c
              __string_19   0x005ede    program     static C:\jaro_s\proj\129_minivyskomer\2_mvm2\main_tasks.c
               __string_2   0x005f78    program     static C:\jaro_s\proj\129_minivyskomer\2_mvm2\main_tasks.c
              __string_20   0x005ed4    program     static C:\jaro_s\proj\129_minivyskomer\2_mvm2\main_tasks.c
              __string_21   0x005eca    program     static C:\jaro_s\proj\129_minivyskomer\2_mvm2\main_tasks.c
              __string_22   0x005ec1    program     static C:\jaro_s\proj\129_minivyskomer\2_mvm2\main_tasks.c
              __string_23   0x005eb6    program     static C:\jaro_s\proj\129_minivyskomer\2_mvm2\main_tasks.c
              __string_24   0x005ead    program     static C:\jaro_s\proj\129_minivyskomer\2_mvm2\main_tasks.c
              __string_25   0x005ea8    program     static C:\jaro_s\proj\129_minivyskomer\2_mvm2\main_tasks.c
               __string_3   0x005f6c    program     static C:\jaro_s\proj\129_minivyskomer\2_mvm2\main_tasks.c
               __string_4   0x005f62    program     static C:\jaro_s\proj\129_minivyskomer\2_mvm2\main_tasks.c
               __string_5   0x005f56    program     static C:\jaro_s\proj\129_minivyskomer\2_mvm2\main_tasks.c
               __string_6   0x005f50    program     static C:\jaro_s\proj\129_minivyskomer\2_mvm2\main_tasks.c
               __string_7   0x005f45    program     static C:\jaro_s\proj\129_minivyskomer\2_mvm2\main_tasks.c
               __string_8   0x005f3e    program     static C:\jaro_s\proj\129_minivyskomer\2_mvm2\main_tasks.c
               __string_9   0x005f34    program     static C:\jaro_s\proj\129_minivyskomer\2_mvm2\main_tasks.c
              __tmplbl_42   0x0041f2    program     static                          
              __tmplbl_43   0x00403a    program     static                          
              __tmplbl_44   0x004020    program     static                          
              __tmplbl_85   0x003772    program     static                          
            __zero_memory   0x006362    program     extern C:\MCC18\v3_39\src\traditional\proc\p18F25J50.asm
                _do_cinit   0x006044    program     extern C:\MCC18\v3_39\src\traditional\startup\c018i.c
                   _entry   0x000000    program     extern C:\MCC18\v3_39\src\traditional\startup\c018i.c
                   _false   0x006318    program     static                          
                   _reset   0x001000    program     extern C:\jaro_s\proj\129_minivyskomer\mvm_pub\main.c
                 _startup   0x006382    program     extern C:\MCC18\v3_39\src\traditional\startup\c018i.c
              _usart_putc   0x00639e    program     extern C:\MCC18\v3_39\src\pmc_common\USART\_usartpc.asm
               _user_putc   0x000006    program     extern C:\MCC18\v3_39\src\traditional\stdclib\_user_putc.c
                 calc_alt   0x0020a6    program     extern C:\jaro_s\proj\129_minivyskomer\2_mvm2\main_tasks.c
                calc_pres   0x001ecc    program     extern C:\jaro_s\proj\129_minivyskomer\2_mvm2\main_tasks.c
        clear_disp_buffer   0x000540    program     extern C:\jaro_s\proj\129_minivyskomer\2_mvm2\hw.c
                compare_l   0x006378    program     static C:\MCC18\v3_39\src\traditional\proc\p18F25J50.asm
        configDescriptor1   0x000f3e    program     extern C:\jaro_s\proj\129_minivyskomer\mvm_pub\usb_descriptors.c
                copy_loop   0x0060b6    program     static                          
            copy_one_byte   0x0060bc    program     static                          
               device_dsc   0x000f2c    program     extern C:\jaro_s\proj\129_minivyskomer\mvm_pub\usb_descriptors.c
                     done   0x0060e0    program     static                          
             done_copying   0x0060ca    program     static                          
                      exp   0x004988    program     extern C:\MCC18\v3_39\src\traditional\stdclib\exp.c
                     fabs   0x006270    program     extern C:\MCC18\v3_39\src\traditional\stdclib\fabs.c
                    frexp   0x000e08    program     extern C:\MCC18\v3_39\src\traditional\stdclib\frexp.c
                  get_adc   0x000af8    program     extern C:\jaro_s\proj\129_minivyskomer\2_mvm2\hw.c
             get_avg_pres   0x001bee    program     extern C:\jaro_s\proj\129_minivyskomer\2_mvm2\main_tasks.c
           get_batt_level   0x000c46    program     extern C:\jaro_s\proj\129_minivyskomer\2_mvm2\hw.c
           get_batt_volts   0x000b2a    program     extern C:\jaro_s\proj\129_minivyskomer\2_mvm2\hw.c
                get_timer   0x001bb2    program     extern C:\jaro_s\proj\129_minivyskomer\2_mvm2\main_tasks.c
                 get_vars   0x0018f4    program     extern C:\jaro_s\proj\129_minivyskomer\2_mvm2\main_tasks.c
             getsUSBUSART   0x0055dc    program     extern C:\jaro_s\proj\129_minivyskomer\mvm_pub\usb_function_cdc.c
                 iic_init   0x0000fe    program     extern C:\jaro_s\proj\129_minivyskomer\2_mvm2\hw.c
             iic_mem_read   0x000a66    program     extern C:\jaro_s\proj\129_minivyskomer\2_mvm2\hw.c
            iic_mem_write   0x0009f8    program     extern C:\jaro_s\proj\129_minivyskomer\2_mvm2\hw.c
                 iic_read   0x000110    program     extern C:\jaro_s\proj\129_minivyskomer\2_mvm2\hw.c
             iic_read_reg   0x0000b8    program     extern C:\jaro_s\proj\129_minivyskomer\2_mvm2\hw.c
              iic_restart   0x000108    program     extern C:\jaro_s\proj\129_minivyskomer\2_mvm2\hw.c
                iic_start   0x000100    program     extern C:\jaro_s\proj\129_minivyskomer\2_mvm2\hw.c
                 iic_stop   0x000148    program     extern C:\jaro_s\proj\129_minivyskomer\2_mvm2\hw.c
                iic_write   0x000150    program     extern C:\jaro_s\proj\129_minivyskomer\2_mvm2\hw.c
            iic_write_reg   0x000086    program     extern C:\jaro_s\proj\129_minivyskomer\2_mvm2\hw.c
                  initLCD   0x0001fc    program     extern C:\jaro_s\proj\129_minivyskomer\2_mvm2\hw.c
             init_hw_fast   0x00001e    program     extern C:\jaro_s\proj\129_minivyskomer\2_mvm2\hw.c
             init_hw_slow   0x000050    program     extern C:\jaro_s\proj\129_minivyskomer\2_mvm2\hw.c
                  isdigit   0x00631e    program     extern C:\MCC18\v3_39\src\traditional\stdclib\isdigit.asm
                 jANotInf   0x0044ea    program     static C:\MCC18\v3_39\src\traditional\math\divFP.asm
                 jANotInf   0x0043c8    program     static C:\MCC18\v3_39\src\traditional\math\addFP.asm
                 jANotInf   0x004590    program     static C:\MCC18\v3_39\src\traditional\math\mulFP.asm
                 jANotNeg   0x00445c    program     static C:\MCC18\v3_39\src\traditional\math\addFP.asm
                jANotZero   0x0044fe    program     static C:\MCC18\v3_39\src\traditional\math\divFP.asm
              jAandWsetup   0x00442c    program     static C:\MCC18\v3_39\src\traditional\math\addFP.asm
                  jAisNeg   0x004900    program     static C:\MCC18\v3_39\src\traditional\math\compFP.asm
                 jAltBexp   0x00441a    program     static C:\MCC18\v3_39\src\traditional\math\addFP.asm
                jBANotInf   0x0043be    program     static C:\MCC18\v3_39\src\traditional\math\addFP.asm
                 jBNotInf   0x0043d6    program     static C:\MCC18\v3_39\src\traditional\math\addFP.asm
              jBothFinite   0x00459e    program     static C:\MCC18\v3_39\src\traditional\math\mulFP.asm
             jBothNotZero   0x0045aa    program     static C:\MCC18\v3_39\src\traditional\math\mulFP.asm
             jBothNotZero   0x0048a2    program     static C:\MCC18\v3_39\src\traditional\math\compFP.asm
            jDifOrPosSign   0x0043ea    program     static C:\MCC18\v3_39\src\traditional\math\addFP.asm
                      jEQ   0x0048be    program     static C:\MCC18\v3_39\src\traditional\math\compFP.asm
                     jEnd   0x006168    program     static C:\MCC18\v3_39\src\traditional\stdclib\slenpgm.asm
                     jEnd   0x006130    program     static C:\MCC18\v3_39\src\traditional\stdclib\strlen.asm
                     jEnd   0x006114    program     static C:\MCC18\v3_39\src\traditional\stdclib\memset.asm
                    jExch   0x0048ca    program     static C:\MCC18\v3_39\src\traditional\math\compFP.asm
                    jExit   0x0046e4    program     static C:\MCC18\v3_39\src\traditional\math\castFP16.asm
                    jExit   0x004752    program     static C:\MCC18\v3_39\src\traditional\math\castFP32.asm
                   jExpEQ   0x004910    program     static C:\MCC18\v3_39\src\traditional\math\compFP.asm
                   jFinal   0x0048f4    program     static C:\MCC18\v3_39\src\traditional\math\compFP.asm
               jFinalSign   0x0044c4    program     static C:\MCC18\v3_39\src\traditional\math\addFP.asm
                jHaveZero   0x0045a6    program     static C:\MCC18\v3_39\src\traditional\math\mulFP.asm
                jI2F16Beg   0x004352    program     static C:\MCC18\v3_39\src\traditional\math\cast16FP.asm
                jI2F32Beg   0x004384    program     static C:\MCC18\v3_39\src\traditional\math\cast32FP.asm
                    jLoop   0x0060f6    program     static C:\MCC18\v3_39\src\traditional\stdclib\memset.asm
                    jLoop   0x006126    program     static C:\MCC18\v3_39\src\traditional\stdclib\strlen.asm
                    jLoop   0x006150    program     static C:\MCC18\v3_39\src\traditional\stdclib\slenpgm.asm
                    jLoop   0x004726    program     static C:\MCC18\v3_39\src\traditional\math\castFP32.asm
                    jLoop   0x0046c4    program     static C:\MCC18\v3_39\src\traditional\math\castFP16.asm
                    jLoop   0x004526    program     static C:\MCC18\v3_39\src\traditional\math\divFP.asm
                jLoopExit   0x00473a    program     static C:\MCC18\v3_39\src\traditional\math\castFP32.asm
                jLoopExit   0x0046d4    program     static C:\MCC18\v3_39\src\traditional\math\castFP16.asm
                   jMatch   0x00633e    program     static C:\MCC18\v3_39\src\traditional\stdclib\isdigit.asm
                     jMax   0x0046f6    program     static C:\MCC18\v3_39\src\traditional\math\castFP32.asm
                     jMax   0x004698    program     static C:\MCC18\v3_39\src\traditional\math\castFP16.asm
                  jMaxNeg   0x0046a6    program     static C:\MCC18\v3_39\src\traditional\math\castFP16.asm
                  jMaxNeg   0x004708    program     static C:\MCC18\v3_39\src\traditional\math\castFP32.asm
                  jMaxPos   0x00469c    program     static C:\MCC18\v3_39\src\traditional\math\castFP16.asm
                  jMaxPos   0x0046fa    program     static C:\MCC18\v3_39\src\traditional\math\castFP32.asm
                      jNE   0x0048c2    program     static C:\MCC18\v3_39\src\traditional\math\compFP.asm
                    jNext   0x00454c    program     static C:\MCC18\v3_39\src\traditional\math\divFP.asm
                jNoAdjust   0x00454a    program     static C:\MCC18\v3_39\src\traditional\math\divFP.asm
                  jNoExch   0x0048ea    program     static C:\MCC18\v3_39\src\traditional\math\compFP.asm
                 jNoMatch   0x006340    program     static C:\MCC18\v3_39\src\traditional\stdclib\isdigit.asm
             jNotBothZero   0x0043ee    program     static C:\MCC18\v3_39\src\traditional\math\addFP.asm
                  jNotInf   0x004714    program     static C:\MCC18\v3_39\src\traditional\math\castFP32.asm
                  jNotInf   0x0046b4    program     static C:\MCC18\v3_39\src\traditional\math\castFP16.asm
                  jPkLoop   0x00479a    program     static C:\MCC18\v3_39\src\traditional\math\packFP.asm
             jPkRoundDone   0x0047e4    program     static C:\MCC18\v3_39\src\traditional\math\packFP.asm
               jPkRoundIt   0x0047cc    program     static C:\MCC18\v3_39\src\traditional\math\packFP.asm
             jPkShiftDone   0x0047b6    program     static C:\MCC18\v3_39\src\traditional\math\packFP.asm
           jReturnPosInf0   0x004770    program     static C:\MCC18\v3_39\src\traditional\math\packFP.asm
                  jRotate   0x00491c    program     static C:\MCC18\v3_39\src\traditional\math\compFP.asm
                   jShift   0x004906    program     static C:\MCC18\v3_39\src\traditional\math\compFP.asm
               jShiftDone   0x004484    program     static C:\MCC18\v3_39\src\traditional\math\addFP.asm
               jShiftLoop   0x004476    program     static C:\MCC18\v3_39\src\traditional\math\addFP.asm
                jSignDone   0x0044b4    program     static C:\MCC18\v3_39\src\traditional\math\addFP.asm
              jSignedZero   0x0044f4    program     static C:\MCC18\v3_39\src\traditional\math\divFP.asm
                 jSignsEQ   0x0048a6    program     static C:\MCC18\v3_39\src\traditional\math\compFP.asm
                  jUnpkA1   0x00480e    program     static C:\MCC18\v3_39\src\traditional\math\UnpackFP.asm
                  jUnpkA2   0x004826    program     static C:\MCC18\v3_39\src\traditional\math\UnpackFP.asm
                 jUnpkANZ   0x00481c    program     static C:\MCC18\v3_39\src\traditional\math\UnpackFP.asm
                  jUnpkB1   0x00483e    program     static C:\MCC18\v3_39\src\traditional\math\UnpackFP.asm
                  jUnpkB2   0x004856    program     static C:\MCC18\v3_39\src\traditional\math\UnpackFP.asm
                 jUnpkBNZ   0x00484c    program     static C:\MCC18\v3_39\src\traditional\math\UnpackFP.asm
                 jUnpkNaN   0x004830    program     static C:\MCC18\v3_39\src\traditional\math\UnpackFP.asm
                 jWNotNeg   0x004470    program     static C:\MCC18\v3_39\src\traditional\math\addFP.asm
                   jWr123   0x004700    program     static C:\MCC18\v3_39\src\traditional\math\castFP32.asm
                  jWrZ123   0x004710    program     static C:\MCC18\v3_39\src\traditional\math\castFP32.asm
                    jZero   0x0046ae    program     static C:\MCC18\v3_39\src\traditional\math\castFP16.asm
                    jZero   0x00470e    program     static C:\MCC18\v3_39\src\traditional\math\castFP32.asm
               jZero1and2   0x004774    program     static C:\MCC18\v3_39\src\traditional\math\packFP.asm
            lcd_ll_set_dl   0x00016c    program     extern C:\jaro_s\proj\129_minivyskomer\2_mvm2\hw.c
                     lcdc   0x00030c    program     extern C:\jaro_s\proj\129_minivyskomer\2_mvm2\hw.c
                     lcdt   0x00035a    program     extern C:\jaro_s\proj\129_minivyskomer\2_mvm2\hw.c
                    ldexp   0x000cd0    program     extern C:\MCC18\v3_39\src\traditional\stdclib\ldexp.c
                      log   0x004f4e    program     extern C:\MCC18\v3_39\src\traditional\stdclib\log.c
                     loop   0x0063ae    program     static C:\MCC18\v3_39\src\pmc_common\USART\_usartpc.asm
                     loop   0x0062e4    program     static                          
                     loop   0x006392    program     static                          
                   loop_h   0x006370    program     static C:\MCC18\v3_39\src\traditional\proc\p18F25J50.asm
                   loop_l   0x00637a    program     static C:\MCC18\v3_39\src\traditional\proc\p18F25J50.asm
                     main   0x0059fa    program     extern C:\jaro_s\proj\129_minivyskomer\mvm_pub\main.c
                main_init   0x00101e    program     extern C:\jaro_s\proj\129_minivyskomer\2_mvm2\main_tasks.c
         main_loop_nonusb   0x00106c    program     extern C:\jaro_s\proj\129_minivyskomer\2_mvm2\main_tasks.c
            main_loop_usb   0x002330    program     extern C:\jaro_s\proj\129_minivyskomer\2_mvm2\main_tasks.c
       main_loop_usb_init   0x002322    program     extern C:\jaro_s\proj\129_minivyskomer\2_mvm2\main_tasks.c
                   memset   0x0060e2    program     extern C:\MCC18\v3_39\src\traditional\stdclib\memset.asm
              putUSBUSART   0x00569e    program     extern C:\jaro_s\proj\129_minivyskomer\mvm_pub\usb_function_cdc.c
                     putc   0x00617c    program     extern C:\MCC18\v3_39\src\traditional\stdclib\putc.c
            putrsUSBUSART   0x00575a    program     extern C:\jaro_s\proj\129_minivyskomer\mvm_pub\usb_function_cdc.c
             putsUSBUSART   0x0056d0    program     extern C:\jaro_s\proj\129_minivyskomer\mvm_pub\usb_function_cdc.c
        read_mem_location   0x0006e4    program     extern C:\jaro_s\proj\129_minivyskomer\2_mvm2\hw.c
             refresh_disp   0x0003fe    program     extern C:\jaro_s\proj\129_minivyskomer\2_mvm2\hw.c
                 s_digits   0x0063ba    program     static C:\MCC18\v3_39\src\traditional\stdclib\vfprintf.c
            s_put_n_chars   0x00371c    program     static C:\MCC18\v3_39\src\traditional\stdclib\vfprintf.c
                    sd000   0x000f81    program     extern C:\jaro_s\proj\129_minivyskomer\mvm_pub\usb_descriptors.c
                    sd001   0x000f85    program     extern C:\jaro_s\proj\129_minivyskomer\mvm_pub\usb_descriptors.c
                    sd002   0x000fb9    program     extern C:\jaro_s\proj\129_minivyskomer\mvm_pub\usb_descriptors.c
         set_battery_char   0x000570    program     extern C:\jaro_s\proj\129_minivyskomer\2_mvm2\hw.c
                  sprintf   0x005f98    program     extern C:\MCC18\v3_39\src\traditional\stdclib\sprintf.c
                   strlen   0x006116    program     extern C:\MCC18\v3_39\src\traditional\stdclib\strlen.asm
                strlenpgm   0x006132    program     extern C:\MCC18\v3_39\src\traditional\stdclib\slenpgm.asm
                     test   0x00605e    program     static                          
               timer_task   0x001b80    program     extern C:\jaro_s\proj\129_minivyskomer\2_mvm2\main_tasks.c
                 vfprintf   0x003748    program     extern C:\MCC18\v3_39\src\traditional\stdclib\vfprintf.c
       write_mem_location   0x000868    program     extern C:\jaro_s\proj\129_minivyskomer\2_mvm2\hw.c
               zero_block   0x006370    program     static C:\MCC18\v3_39\src\traditional\proc\p18F25J50.asm
                   ADCON0   0x000fc2       data     extern C:\MCC18\v3_39\src\traditional\proc\p18F25J50.asm
               ADCON0bits   0x000fc2       data     extern C:\MCC18\v3_39\src\traditional\proc\p18F25J50.asm
                   ADCON1   0x000fc1       data     extern C:\MCC18\v3_39\src\traditional\proc\p18F25J50.asm
               ADCON1bits   0x000fc1       data     extern C:\MCC18\v3_39\src\traditional\proc\p18F25J50.asm
                    ADRES   0x000fc3       data     extern C:\MCC18\v3_39\src\traditional\proc\p18F25J50.asm
                   ADRESH   0x000fc4       data     extern C:\MCC18\v3_39\src\traditional\proc\p18F25J50.asm
                   ADRESL   0x000fc3       data     extern C:\MCC18\v3_39\src\traditional\proc\p18F25J50.asm
                  ALRMCFG   0x000f91       data     extern C:\MCC18\v3_39\src\traditional\proc\p18F25J50.asm
              ALRMCFGbits   0x000f91       data     extern C:\MCC18\v3_39\src\traditional\proc\p18F25J50.asm
                  ALRMRPT   0x000f90       data     extern C:\MCC18\v3_39\src\traditional\proc\p18F25J50.asm
              ALRMRPTbits   0x000f90       data     extern C:\MCC18\v3_39\src\traditional\proc\p18F25J50.asm
                 ALRMVALH   0x000f8f       data     extern C:\MCC18\v3_39\src\traditional\proc\p18F25J50.asm
                 ALRMVALL   0x000f8e       data     extern C:\MCC18\v3_39\src\traditional\proc\p18F25J50.asm
                   ANCON0   0x000f48       data     extern C:\MCC18\v3_39\src\traditional\proc\p18F25J50.asm
               ANCON0bits   0x000f48       data     extern C:\MCC18\v3_39\src\traditional\proc\p18F25J50.asm
                   ANCON1   0x000f49       data     extern C:\MCC18\v3_39\src\traditional\proc\p18F25J50.asm
               ANCON1bits   0x000f49       data     extern C:\MCC18\v3_39\src\traditional\proc\p18F25J50.asm
                  BAUDCON   0x000f7e       data     extern C:\MCC18\v3_39\src\traditional\proc\p18F25J50.asm
                 BAUDCON1   0x000f7e       data     extern C:\MCC18\v3_39\src\traditional\proc\p18F25J50.asm
             BAUDCON1bits   0x000f7e       data     extern C:\MCC18\v3_39\src\traditional\proc\p18F25J50.asm
                 BAUDCON2   0x000f7c       data     extern C:\MCC18\v3_39\src\traditional\proc\p18F25J50.asm
             BAUDCON2bits   0x000f7c       data     extern C:\MCC18\v3_39\src\traditional\proc\p18F25J50.asm
              BAUDCONbits   0x000f7e       data     extern C:\MCC18\v3_39\src\traditional\proc\p18F25J50.asm
                  BAUDCTL   0x000f7e       data     extern C:\MCC18\v3_39\src\traditional\proc\p18F25J50.asm
              BAUDCTLbits   0x000f7e       data     extern C:\MCC18\v3_39\src\traditional\proc\p18F25J50.asm
                      BDT   0x000400       data     extern C:\jaro_s\proj\129_minivyskomer\mvm_pub\usb_device.c
                      BSR   0x000fe0       data     extern C:\MCC18\v3_39\src\traditional\proc\p18F25J50.asm
              BaudRateGen   0x0004de       data     extern C:\jaro_s\proj\129_minivyskomer\mvm_pub\usb_function_cdc.c
       BothEP0OutUOWNsSet   0x000e28       data     extern C:\jaro_s\proj\129_minivyskomer\mvm_pub\usb_device.c
                  CCP1CON   0x000fba       data     extern C:\MCC18\v3_39\src\traditional\proc\p18F25J50.asm
              CCP1CONbits   0x000fba       data     extern C:\MCC18\v3_39\src\traditional\proc\p18F25J50.asm
                  CCP2CON   0x000fb4       data     extern C:\MCC18\v3_39\src\traditional\proc\p18F25J50.asm
              CCP2CONbits   0x000fb4       data     extern C:\MCC18\v3_39\src\traditional\proc\p18F25J50.asm
                    CCPR1   0x000fbb       data     extern C:\MCC18\v3_39\src\traditional\proc\p18F25J50.asm
                   CCPR1H   0x000fbc       data     extern C:\MCC18\v3_39\src\traditional\proc\p18F25J50.asm
                   CCPR1L   0x000fbb       data     extern C:\MCC18\v3_39\src\traditional\proc\p18F25J50.asm
                    CCPR2   0x000fb5       data     extern C:\MCC18\v3_39\src\traditional\proc\p18F25J50.asm
                   CCPR2H   0x000fb6       data     extern C:\MCC18\v3_39\src\traditional\proc\p18F25J50.asm
                   CCPR2L   0x000fb5       data     extern C:\MCC18\v3_39\src\traditional\proc\p18F25J50.asm
          CDCDataInHandle   0x0004db       data     extern C:\jaro_s\proj\129_minivyskomer\mvm_pub\usb_function_cdc.c
         CDCDataOutHandle   0x0004d9       data     extern C:\jaro_s\proj\129_minivyskomer\mvm_pub\usb_function_cdc.c
                   CM1CON   0x000fd2       data     extern C:\MCC18\v3_39\src\traditional\proc\p18F25J50.asm
                  CM1CON1   0x000fd2       data     extern C:\MCC18\v3_39\src\traditional\proc\p18F25J50.asm
              CM1CON1bits   0x000fd2       data     extern C:\MCC18\v3_39\src\traditional\proc\p18F25J50.asm
               CM1CONbits   0x000fd2       data     extern C:\MCC18\v3_39\src\traditional\proc\p18F25J50.asm
                   CM2CON   0x000fd1       data     extern C:\MCC18\v3_39\src\traditional\proc\p18F25J50.asm
                  CM2CON1   0x000fd1       data     extern C:\MCC18\v3_39\src\traditional\proc\p18F25J50.asm
              CM2CON1bits   0x000fd1       data     extern C:\MCC18\v3_39\src\traditional\proc\p18F25J50.asm
               CM2CONbits   0x000fd1       data     extern C:\MCC18\v3_39\src\traditional\proc\p18F25J50.asm
                   CMSTAT   0x000f70       data     extern C:\MCC18\v3_39\src\traditional\proc\p18F25J50.asm
                 CMSTATUS   0x000f70       data     extern C:\MCC18\v3_39\src\traditional\proc\p18F25J50.asm
             CMSTATUSbits   0x000f70       data     extern C:\MCC18\v3_39\src\traditional\proc\p18F25J50.asm
               CMSTATbits   0x000f70       data     extern C:\MCC18\v3_39\src\traditional\proc\p18F25J50.asm
                 CTMUCONH   0x000fb3       data     extern C:\MCC18\v3_39\src\traditional\proc\p18F25J50.asm
             CTMUCONHbits   0x000fb3       data     extern C:\MCC18\v3_39\src\traditional\proc\p18F25J50.asm
                 CTMUCONL   0x000fb2       data     extern C:\MCC18\v3_39\src\traditional\proc\p18F25J50.asm
             CTMUCONLbits   0x000fb2       data     extern C:\MCC18\v3_39\src\traditional\proc\p18F25J50.asm
                 CTMUICON   0x000fb1       data     extern C:\MCC18\v3_39\src\traditional\proc\p18F25J50.asm
             CTMUICONbits   0x000fb1       data     extern C:\MCC18\v3_39\src\traditional\proc\p18F25J50.asm
                   CVRCON   0x000f53       data     extern C:\MCC18\v3_39\src\traditional\proc\p18F25J50.asm
               CVRCONbits   0x000f53       data     extern C:\MCC18\v3_39\src\traditional\proc\p18F25J50.asm
              CtrlTrfData   0x000438       data     extern C:\jaro_s\proj\129_minivyskomer\mvm_pub\usb_device.c
                   DMABCH   0x000f66       data     extern C:\MCC18\v3_39\src\traditional\proc\p18F25J50.asm
               DMABCHbits   0x000f66       data     extern C:\MCC18\v3_39\src\traditional\proc\p18F25J50.asm
                   DMABCL   0x000f67       data     extern C:\MCC18\v3_39\src\traditional\proc\p18F25J50.asm
                  DMACON1   0x000f88       data     extern C:\MCC18\v3_39\src\traditional\proc\p18F25J50.asm
              DMACON1bits   0x000f88       data     extern C:\MCC18\v3_39\src\traditional\proc\p18F25J50.asm
                  DMACON2   0x000f86       data     extern C:\MCC18\v3_39\src\traditional\proc\p18F25J50.asm
              DMACON2bits   0x000f86       data     extern C:\MCC18\v3_39\src\traditional\proc\p18F25J50.asm
                   DSCONH   0x000f4d       data     extern C:\MCC18\v3_39\src\traditional\proc\p18F25J50.asm
               DSCONHbits   0x000f4d       data     extern C:\MCC18\v3_39\src\traditional\proc\p18F25J50.asm
                   DSCONL   0x000f4c       data     extern C:\MCC18\v3_39\src\traditional\proc\p18F25J50.asm
               DSCONLbits   0x000f4c       data     extern C:\MCC18\v3_39\src\traditional\proc\p18F25J50.asm
                   DSGPR0   0x000f4e       data     extern C:\MCC18\v3_39\src\traditional\proc\p18F25J50.asm
                   DSGPR1   0x000f4f       data     extern C:\MCC18\v3_39\src\traditional\proc\p18F25J50.asm
                  DSWAKEH   0x000f4b       data     extern C:\MCC18\v3_39\src\traditional\proc\p18F25J50.asm
              DSWAKEHbits   0x000f4b       data     extern C:\MCC18\v3_39\src\traditional\proc\p18F25J50.asm
                  DSWAKEL   0x000f4a       data     extern C:\MCC18\v3_39\src\traditional\proc\p18F25J50.asm
              DSWAKELbits   0x000f4a       data     extern C:\MCC18\v3_39\src\traditional\proc\p18F25J50.asm
            DelayCounter1   0x000034       data     extern C:\MCC18\v3_39\src\traditional\delays\delayd1.asm
                  ECCP1AS   0x000fbe       data     extern C:\MCC18\v3_39\src\traditional\proc\p18F25J50.asm
              ECCP1ASbits   0x000fbe       data     extern C:\MCC18\v3_39\src\traditional\proc\p18F25J50.asm
                 ECCP1CON   0x000fba       data     extern C:\MCC18\v3_39\src\traditional\proc\p18F25J50.asm
             ECCP1CONbits   0x000fba       data     extern C:\MCC18\v3_39\src\traditional\proc\p18F25J50.asm
                 ECCP1DEL   0x000fbd       data     extern C:\MCC18\v3_39\src\traditional\proc\p18F25J50.asm
             ECCP1DELbits   0x000fbd       data     extern C:\MCC18\v3_39\src\traditional\proc\p18F25J50.asm
                  ECCP2AS   0x000fb8       data     extern C:\MCC18\v3_39\src\traditional\proc\p18F25J50.asm
              ECCP2ASbits   0x000fb8       data     extern C:\MCC18\v3_39\src\traditional\proc\p18F25J50.asm
                 ECCP2CON   0x000fb4       data     extern C:\MCC18\v3_39\src\traditional\proc\p18F25J50.asm
             ECCP2CONbits   0x000fb4       data     extern C:\MCC18\v3_39\src\traditional\proc\p18F25J50.asm
                 ECCP2DEL   0x000fb7       data     extern C:\MCC18\v3_39\src\traditional\proc\p18F25J50.asm
             ECCP2DELbits   0x000fb7       data     extern C:\MCC18\v3_39\src\traditional\proc\p18F25J50.asm
                   EECON1   0x000fa6       data     extern C:\MCC18\v3_39\src\traditional\proc\p18F25J50.asm
               EECON1bits   0x000fa6       data     extern C:\MCC18\v3_39\src\traditional\proc\p18F25J50.asm
                   EECON2   0x000fa7       data     extern C:\MCC18\v3_39\src\traditional\proc\p18F25J50.asm
                     FSR0   0x000fe9       data     extern C:\MCC18\v3_39\src\traditional\proc\p18F25J50.asm
                    FSR0H   0x000fea       data     extern C:\MCC18\v3_39\src\traditional\proc\p18F25J50.asm
                    FSR0L   0x000fe9       data     extern C:\MCC18\v3_39\src\traditional\proc\p18F25J50.asm
                     FSR1   0x000fe1       data     extern C:\MCC18\v3_39\src\traditional\proc\p18F25J50.asm
                    FSR1H   0x000fe2       data     extern C:\MCC18\v3_39\src\traditional\proc\p18F25J50.asm
                    FSR1L   0x000fe1       data     extern C:\MCC18\v3_39\src\traditional\proc\p18F25J50.asm
                     FSR2   0x000fd9       data     extern C:\MCC18\v3_39\src\traditional\proc\p18F25J50.asm
                    FSR2H   0x000fda       data     extern C:\MCC18\v3_39\src\traditional\proc\p18F25J50.asm
                    FSR2L   0x000fd9       data     extern C:\MCC18\v3_39\src\traditional\proc\p18F25J50.asm
                  HLVDCON   0x000f85       data     extern C:\MCC18\v3_39\src\traditional\proc\p18F25J50.asm
              HLVDCONbits   0x000f85       data     extern C:\MCC18\v3_39\src\traditional\proc\p18F25J50.asm
                    INDF0   0x000fef       data     extern C:\MCC18\v3_39\src\traditional\proc\p18F25J50.asm
                    INDF1   0x000fe7       data     extern C:\MCC18\v3_39\src\traditional\proc\p18F25J50.asm
                    INDF2   0x000fdf       data     extern C:\MCC18\v3_39\src\traditional\proc\p18F25J50.asm
                   INTCON   0x000ff2       data     extern C:\MCC18\v3_39\src\traditional\proc\p18F25J50.asm
                  INTCON2   0x000ff1       data     extern C:\MCC18\v3_39\src\traditional\proc\p18F25J50.asm
              INTCON2bits   0x000ff1       data     extern C:\MCC18\v3_39\src\traditional\proc\p18F25J50.asm
                  INTCON3   0x000ff0       data     extern C:\MCC18\v3_39\src\traditional\proc\p18F25J50.asm
              INTCON3bits   0x000ff0       data     extern C:\MCC18\v3_39\src\traditional\proc\p18F25J50.asm
               INTCONbits   0x000ff2       data     extern C:\MCC18\v3_39\src\traditional\proc\p18F25J50.asm
                     IPR1   0x000f9f       data     extern C:\MCC18\v3_39\src\traditional\proc\p18F25J50.asm
                 IPR1bits   0x000f9f       data     extern C:\MCC18\v3_39\src\traditional\proc\p18F25J50.asm
                     IPR2   0x000fa2       data     extern C:\MCC18\v3_39\src\traditional\proc\p18F25J50.asm
                 IPR2bits   0x000fa2       data     extern C:\MCC18\v3_39\src\traditional\proc\p18F25J50.asm
                     IPR3   0x000fa5       data     extern C:\MCC18\v3_39\src\traditional\proc\p18F25J50.asm
                 IPR3bits   0x000fa5       data     extern C:\MCC18\v3_39\src\traditional\proc\p18F25J50.asm
                     LATA   0x000f89       data     extern C:\MCC18\v3_39\src\traditional\proc\p18F25J50.asm
                 LATAbits   0x000f89       data     extern C:\MCC18\v3_39\src\traditional\proc\p18F25J50.asm
                     LATB   0x000f8a       data     extern C:\MCC18\v3_39\src\traditional\proc\p18F25J50.asm
                 LATBbits   0x000f8a       data     extern C:\MCC18\v3_39\src\traditional\proc\p18F25J50.asm
                     LATC   0x000f8b       data     extern C:\MCC18\v3_39\src\traditional\proc\p18F25J50.asm
                 LATCbits   0x000f8b       data     extern C:\MCC18\v3_39\src\traditional\proc\p18F25J50.asm
                   ODCON1   0x000f42       data     extern C:\MCC18\v3_39\src\traditional\proc\p18F25J50.asm
               ODCON1bits   0x000f42       data     extern C:\MCC18\v3_39\src\traditional\proc\p18F25J50.asm
                   ODCON2   0x000f41       data     extern C:\MCC18\v3_39\src\traditional\proc\p18F25J50.asm
               ODCON2bits   0x000f41       data     extern C:\MCC18\v3_39\src\traditional\proc\p18F25J50.asm
                   ODCON3   0x000f40       data     extern C:\MCC18\v3_39\src\traditional\proc\p18F25J50.asm
               ODCON3bits   0x000f40       data     extern C:\MCC18\v3_39\src\traditional\proc\p18F25J50.asm
                   OSCCON   0x000fd3       data     extern C:\MCC18\v3_39\src\traditional\proc\p18F25J50.asm
               OSCCONbits   0x000fd3       data     extern C:\MCC18\v3_39\src\traditional\proc\p18F25J50.asm
                  OSCTUNE   0x000f9b       data     extern C:\MCC18\v3_39\src\traditional\proc\p18F25J50.asm
              OSCTUNEbits   0x000f9b       data     extern C:\MCC18\v3_39\src\traditional\proc\p18F25J50.asm
                  PADCFG1   0x000f3c       data     extern C:\MCC18\v3_39\src\traditional\proc\p18F25J50.asm
              PADCFG1bits   0x000f3c       data     extern C:\MCC18\v3_39\src\traditional\proc\p18F25J50.asm
                       PC   0x000ff9       data     extern C:\MCC18\v3_39\src\traditional\proc\p18F25J50.asm
                      PCL   0x000ff9       data     extern C:\MCC18\v3_39\src\traditional\proc\p18F25J50.asm
                   PCLATH   0x000ffa       data     extern C:\MCC18\v3_39\src\traditional\proc\p18F25J50.asm
                   PCLATU   0x000ffb       data     extern C:\MCC18\v3_39\src\traditional\proc\p18F25J50.asm
                     PIE1   0x000f9d       data     extern C:\MCC18\v3_39\src\traditional\proc\p18F25J50.asm
                 PIE1bits   0x000f9d       data     extern C:\MCC18\v3_39\src\traditional\proc\p18F25J50.asm
                     PIE2   0x000fa0       data     extern C:\MCC18\v3_39\src\traditional\proc\p18F25J50.asm
                 PIE2bits   0x000fa0       data     extern C:\MCC18\v3_39\src\traditional\proc\p18F25J50.asm
                     PIE3   0x000fa3       data     extern C:\MCC18\v3_39\src\traditional\proc\p18F25J50.asm
                 PIE3bits   0x000fa3       data     extern C:\MCC18\v3_39\src\traditional\proc\p18F25J50.asm
                     PIR1   0x000f9e       data     extern C:\MCC18\v3_39\src\traditional\proc\p18F25J50.asm
                 PIR1bits   0x000f9e       data     extern C:\MCC18\v3_39\src\traditional\proc\p18F25J50.asm
                     PIR2   0x000fa1       data     extern C:\MCC18\v3_39\src\traditional\proc\p18F25J50.asm
                 PIR2bits   0x000fa1       data     extern C:\MCC18\v3_39\src\traditional\proc\p18F25J50.asm
                     PIR3   0x000fa4       data     extern C:\MCC18\v3_39\src\traditional\proc\p18F25J50.asm
                 PIR3bits   0x000fa4       data     extern C:\MCC18\v3_39\src\traditional\proc\p18F25J50.asm
                   PLUSW0   0x000feb       data     extern C:\MCC18\v3_39\src\traditional\proc\p18F25J50.asm
                   PLUSW1   0x000fe3       data     extern C:\MCC18\v3_39\src\traditional\proc\p18F25J50.asm
                   PLUSW2   0x000fdb       data     extern C:\MCC18\v3_39\src\traditional\proc\p18F25J50.asm
                    PORTA   0x000f80       data     extern C:\MCC18\v3_39\src\traditional\proc\p18F25J50.asm
                PORTAbits   0x000f80       data     extern C:\MCC18\v3_39\src\traditional\proc\p18F25J50.asm
                    PORTB   0x000f81       data     extern C:\MCC18\v3_39\src\traditional\proc\p18F25J50.asm
                PORTBbits   0x000f81       data     extern C:\MCC18\v3_39\src\traditional\proc\p18F25J50.asm
                    PORTC   0x000f82       data     extern C:\MCC18\v3_39\src\traditional\proc\p18F25J50.asm
                PORTCbits   0x000f82       data     extern C:\MCC18\v3_39\src\traditional\proc\p18F25J50.asm
                 POSTDEC0   0x000fed       data     extern C:\MCC18\v3_39\src\traditional\proc\p18F25J50.asm
                 POSTDEC1   0x000fe5       data     extern C:\MCC18\v3_39\src\traditional\proc\p18F25J50.asm
                 POSTDEC2   0x000fdd       data     extern C:\MCC18\v3_39\src\traditional\proc\p18F25J50.asm
                 POSTINC0   0x000fee       data     extern C:\MCC18\v3_39\src\traditional\proc\p18F25J50.asm
                 POSTINC1   0x000fe6       data     extern C:\MCC18\v3_39\src\traditional\proc\p18F25J50.asm
                 POSTINC2   0x000fde       data     extern C:\MCC18\v3_39\src\traditional\proc\p18F25J50.asm
                   PPSCON   0x000eff       data     extern C:\MCC18\v3_39\src\traditional\proc\p18F25J50.asm
               PPSCONbits   0x000eff       data     extern C:\MCC18\v3_39\src\traditional\proc\p18F25J50.asm
                      PR2   0x000fcb       data     extern C:\MCC18\v3_39\src\traditional\proc\p18F25J50.asm
                      PR4   0x000f77       data     extern C:\MCC18\v3_39\src\traditional\proc\p18F25J50.asm
                  PREINC0   0x000fec       data     extern C:\MCC18\v3_39\src\traditional\proc\p18F25J50.asm
                  PREINC1   0x000fe4       data     extern C:\MCC18\v3_39\src\traditional\proc\p18F25J50.asm
                  PREINC2   0x000fdc       data     extern C:\MCC18\v3_39\src\traditional\proc\p18F25J50.asm
                     PROD   0x000ff3       data     extern C:\MCC18\v3_39\src\traditional\proc\p18F25J50.asm
                    PRODH   0x000ff4       data     extern C:\MCC18\v3_39\src\traditional\proc\p18F25J50.asm
                    PRODL   0x000ff3       data     extern C:\MCC18\v3_39\src\traditional\proc\p18F25J50.asm
                 PSTR1CON   0x000fbf       data     extern C:\MCC18\v3_39\src\traditional\proc\p18F25J50.asm
             PSTR1CONbits   0x000fbf       data     extern C:\MCC18\v3_39\src\traditional\proc\p18F25J50.asm
                 PSTR2CON   0x000fb9       data     extern C:\MCC18\v3_39\src\traditional\proc\p18F25J50.asm
             PSTR2CONbits   0x000fb9       data     extern C:\MCC18\v3_39\src\traditional\proc\p18F25J50.asm
                  PWM1CON   0x000fbd       data     extern C:\MCC18\v3_39\src\traditional\proc\p18F25J50.asm
              PWM1CONbits   0x000fbd       data     extern C:\MCC18\v3_39\src\traditional\proc\p18F25J50.asm
                  PWM2CON   0x000fb7       data     extern C:\MCC18\v3_39\src\traditional\proc\p18F25J50.asm
              PWM2CONbits   0x000fb7       data     extern C:\MCC18\v3_39\src\traditional\proc\p18F25J50.asm
                     RCON   0x000fd0       data     extern C:\MCC18\v3_39\src\traditional\proc\p18F25J50.asm
                 RCONbits   0x000fd0       data     extern C:\MCC18\v3_39\src\traditional\proc\p18F25J50.asm
                    RCREG   0x000faf       data     extern C:\MCC18\v3_39\src\traditional\proc\p18F25J50.asm
                   RCREG1   0x000faf       data     extern C:\MCC18\v3_39\src\traditional\proc\p18F25J50.asm
                   RCREG2   0x000faa       data     extern C:\MCC18\v3_39\src\traditional\proc\p18F25J50.asm
                    RCSTA   0x000fac       data     extern C:\MCC18\v3_39\src\traditional\proc\p18F25J50.asm
                   RCSTA1   0x000fac       data     extern C:\MCC18\v3_39\src\traditional\proc\p18F25J50.asm
               RCSTA1bits   0x000fac       data     extern C:\MCC18\v3_39\src\traditional\proc\p18F25J50.asm
                   RCSTA2   0x000f9c       data     extern C:\MCC18\v3_39\src\traditional\proc\p18F25J50.asm
               RCSTA2bits   0x000f9c       data     extern C:\MCC18\v3_39\src\traditional\proc\p18F25J50.asm
                RCSTAbits   0x000fac       data     extern C:\MCC18\v3_39\src\traditional\proc\p18F25J50.asm
                  REFOCON   0x000f3d       data     extern C:\MCC18\v3_39\src\traditional\proc\p18F25J50.asm
              REFOCONbits   0x000f3d       data     extern C:\MCC18\v3_39\src\traditional\proc\p18F25J50.asm
                   RPINR1   0x000ee7       data     extern C:\MCC18\v3_39\src\traditional\proc\p18F25J50.asm
                  RPINR12   0x000ef2       data     extern C:\MCC18\v3_39\src\traditional\proc\p18F25J50.asm
                  RPINR13   0x000ef3       data     extern C:\MCC18\v3_39\src\traditional\proc\p18F25J50.asm
                  RPINR16   0x000ef6       data     extern C:\MCC18\v3_39\src\traditional\proc\p18F25J50.asm
                  RPINR17   0x000ef7       data     extern C:\MCC18\v3_39\src\traditional\proc\p18F25J50.asm
                   RPINR2   0x000ee8       data     extern C:\MCC18\v3_39\src\traditional\proc\p18F25J50.asm
                  RPINR21   0x000efb       data     extern C:\MCC18\v3_39\src\traditional\proc\p18F25J50.asm
                  RPINR22   0x000efc       data     extern C:\MCC18\v3_39\src\traditional\proc\p18F25J50.asm
                  RPINR23   0x000efd       data     extern C:\MCC18\v3_39\src\traditional\proc\p18F25J50.asm
                  RPINR24   0x000efe       data     extern C:\MCC18\v3_39\src\traditional\proc\p18F25J50.asm
                   RPINR3   0x000ee9       data     extern C:\MCC18\v3_39\src\traditional\proc\p18F25J50.asm
                   RPINR4   0x000eea       data     extern C:\MCC18\v3_39\src\traditional\proc\p18F25J50.asm
                   RPINR6   0x000eec       data     extern C:\MCC18\v3_39\src\traditional\proc\p18F25J50.asm
                   RPINR7   0x000eed       data     extern C:\MCC18\v3_39\src\traditional\proc\p18F25J50.asm
                   RPINR8   0x000eee       data     extern C:\MCC18\v3_39\src\traditional\proc\p18F25J50.asm
                    RPOR0   0x000ec6       data     extern C:\MCC18\v3_39\src\traditional\proc\p18F25J50.asm
                    RPOR1   0x000ec7       data     extern C:\MCC18\v3_39\src\traditional\proc\p18F25J50.asm
                   RPOR10   0x000ed0       data     extern C:\MCC18\v3_39\src\traditional\proc\p18F25J50.asm
                   RPOR11   0x000ed1       data     extern C:\MCC18\v3_39\src\traditional\proc\p18F25J50.asm
                   RPOR12   0x000ed2       data     extern C:\MCC18\v3_39\src\traditional\proc\p18F25J50.asm
                   RPOR13   0x000ed3       data     extern C:\MCC18\v3_39\src\traditional\proc\p18F25J50.asm
                   RPOR17   0x000ed7       data     extern C:\MCC18\v3_39\src\traditional\proc\p18F25J50.asm
                   RPOR18   0x000ed8       data     extern C:\MCC18\v3_39\src\traditional\proc\p18F25J50.asm
                    RPOR2   0x000ec8       data     extern C:\MCC18\v3_39\src\traditional\proc\p18F25J50.asm
                    RPOR3   0x000ec9       data     extern C:\MCC18\v3_39\src\traditional\proc\p18F25J50.asm
                    RPOR4   0x000eca       data     extern C:\MCC18\v3_39\src\traditional\proc\p18F25J50.asm
                    RPOR5   0x000ecb       data     extern C:\MCC18\v3_39\src\traditional\proc\p18F25J50.asm
                    RPOR6   0x000ecc       data     extern C:\MCC18\v3_39\src\traditional\proc\p18F25J50.asm
                    RPOR7   0x000ecd       data     extern C:\MCC18\v3_39\src\traditional\proc\p18F25J50.asm
                    RPOR8   0x000ece       data     extern C:\MCC18\v3_39\src\traditional\proc\p18F25J50.asm
                    RPOR9   0x000ecf       data     extern C:\MCC18\v3_39\src\traditional\proc\p18F25J50.asm
                   RTCCAL   0x000f3e       data     extern C:\MCC18\v3_39\src\traditional\proc\p18F25J50.asm
               RTCCALbits   0x000f3e       data     extern C:\MCC18\v3_39\src\traditional\proc\p18F25J50.asm
                   RTCCFG   0x000f3f       data     extern C:\MCC18\v3_39\src\traditional\proc\p18F25J50.asm
               RTCCFGbits   0x000f3f       data     extern C:\MCC18\v3_39\src\traditional\proc\p18F25J50.asm
                  RTCVALH   0x000f99       data     extern C:\MCC18\v3_39\src\traditional\proc\p18F25J50.asm
                  RTCVALL   0x000f98       data     extern C:\MCC18\v3_39\src\traditional\proc\p18F25J50.asm
                  RXADDRH   0x000f68       data     extern C:\MCC18\v3_39\src\traditional\proc\p18F25J50.asm
              RXADDRHbits   0x000f68       data     extern C:\MCC18\v3_39\src\traditional\proc\p18F25J50.asm
                  RXADDRL   0x000f69       data     extern C:\MCC18\v3_39\src\traditional\proc\p18F25J50.asm
             RemoteWakeup   0x000e24       data     extern C:\jaro_s\proj\129_minivyskomer\mvm_pub\usb_device.c
                     SIGN   0x000020       data     extern C:\MCC18\v3_39\src\traditional\math\cmath18.asm
                    SPBRG   0x000fb0       data     extern C:\MCC18\v3_39\src\traditional\proc\p18F25J50.asm
                   SPBRG1   0x000fb0       data     extern C:\MCC18\v3_39\src\traditional\proc\p18F25J50.asm
                   SPBRG2   0x000fab       data     extern C:\MCC18\v3_39\src\traditional\proc\p18F25J50.asm
                   SPBRGH   0x000f7f       data     extern C:\MCC18\v3_39\src\traditional\proc\p18F25J50.asm
                  SPBRGH1   0x000f7f       data     extern C:\MCC18\v3_39\src\traditional\proc\p18F25J50.asm
                  SPBRGH2   0x000f7d       data     extern C:\MCC18\v3_39\src\traditional\proc\p18F25J50.asm
                  SSP1ADD   0x000fc8       data     extern C:\MCC18\v3_39\src\traditional\proc\p18F25J50.asm
              SSP1ADDbits   0x000fc8       data     extern C:\MCC18\v3_39\src\traditional\proc\p18F25J50.asm
                  SSP1BUF   0x000fc9       data     extern C:\MCC18\v3_39\src\traditional\proc\p18F25J50.asm
[...]
              OSCTUNEbits   0x000f9b       data     extern C:\MCC18\v3_39\src\traditional\proc\p18F25J50.asm
                  OSCTUNE   0x000f9b       data     extern C:\MCC18\v3_39\src\traditional\proc\p18F25J50.asm
                   RCSTA2   0x000f9c       data     extern C:\MCC18\v3_39\src\traditional\proc\p18F25J50.asm
               RCSTA2bits   0x000f9c       data     extern C:\MCC18\v3_39\src\traditional\proc\p18F25J50.asm
                     PIE1   0x000f9d       data     extern C:\MCC18\v3_39\src\traditional\proc\p18F25J50.asm
                 PIE1bits   0x000f9d       data     extern C:\MCC18\v3_39\src\traditional\proc\p18F25J50.asm
                     PIR1   0x000f9e       data     extern C:\MCC18\v3_39\src\traditional\proc\p18F25J50.asm
                 PIR1bits   0x000f9e       data     extern C:\MCC18\v3_39\src\traditional\proc\p18F25J50.asm
                     IPR1   0x000f9f       data     extern C:\MCC18\v3_39\src\traditional\proc\p18F25J50.asm
                 IPR1bits   0x000f9f       data     extern C:\MCC18\v3_39\src\traditional\proc\p18F25J50.asm
                 PIE2bits   0x000fa0       data     extern C:\MCC18\v3_39\src\traditional\proc\p18F25J50.asm
                     PIE2   0x000fa0       data     extern C:\MCC18\v3_39\src\traditional\proc\p18F25J50.asm
                 PIR2bits   0x000fa1       data     extern C:\MCC18\v3_39\src\traditional\proc\p18F25J50.asm
                     PIR2   0x000fa1       data     extern C:\MCC18\v3_39\src\traditional\proc\p18F25J50.asm
                 IPR2bits   0x000fa2       data     extern C:\MCC18\v3_39\src\traditional\proc\p18F25J50.asm
                     IPR2   0x000fa2       data     extern C:\MCC18\v3_39\src\traditional\proc\p18F25J50.asm
                 PIE3bits   0x000fa3       data     extern C:\MCC18\v3_39\src\traditional\proc\p18F25J50.asm
                     PIE3   0x000fa3       data     extern C:\MCC18\v3_39\src\traditional\proc\p18F25J50.asm
                 PIR3bits   0x000fa4       data     extern C:\MCC18\v3_39\src\traditional\proc\p18F25J50.asm
                     PIR3   0x000fa4       data     extern C:\MCC18\v3_39\src\traditional\proc\p18F25J50.asm
                     IPR3   0x000fa5       data     extern C:\MCC18\v3_39\src\traditional\proc\p18F25J50.asm
                 IPR3bits   0x000fa5       data     extern C:\MCC18\v3_39\src\traditional\proc\p18F25J50.asm
               EECON1bits   0x000fa6       data     extern C:\MCC18\v3_39\src\traditional\proc\p18F25J50.asm
                   EECON1   0x000fa6       data     extern C:\MCC18\v3_39\src\traditional\proc\p18F25J50.asm
                   EECON2   0x000fa7       data     extern C:\MCC18\v3_39\src\traditional\proc\p18F25J50.asm
               TXSTA2bits   0x000fa8       data     extern C:\MCC18\v3_39\src\traditional\proc\p18F25J50.asm
                   TXSTA2   0x000fa8       data     extern C:\MCC18\v3_39\src\traditional\proc\p18F25J50.asm
                   TXREG2   0x000fa9       data     extern C:\MCC18\v3_39\src\traditional\proc\p18F25J50.asm
                   RCREG2   0x000faa       data     extern C:\MCC18\v3_39\src\traditional\proc\p18F25J50.asm
                   SPBRG2   0x000fab       data     extern C:\MCC18\v3_39\src\traditional\proc\p18F25J50.asm
                    RCSTA   0x000fac       data     extern C:\MCC18\v3_39\src\traditional\proc\p18F25J50.asm
                   RCSTA1   0x000fac       data     extern C:\MCC18\v3_39\src\traditional\proc\p18F25J50.asm
               RCSTA1bits   0x000fac       data     extern C:\MCC18\v3_39\src\traditional\proc\p18F25J50.asm
                RCSTAbits   0x000fac       data     extern C:\MCC18\v3_39\src\traditional\proc\p18F25J50.asm
                    TXSTA   0x000fad       data     extern C:\MCC18\v3_39\src\traditional\proc\p18F25J50.asm
                TXSTAbits   0x000fad       data     extern C:\MCC18\v3_39\src\traditional\proc\p18F25J50.asm
               TXSTA1bits   0x000fad       data     extern C:\MCC18\v3_39\src\traditional\proc\p18F25J50.asm
                   TXSTA1   0x000fad       data     extern C:\MCC18\v3_39\src\traditional\proc\p18F25J50.asm
                    TXREG   0x000fae       data     extern C:\MCC18\v3_39\src\traditional\proc\p18F25J50.asm
                   TXREG1   0x000fae       data     extern C:\MCC18\v3_39\src\traditional\proc\p18F25J50.asm
                    RCREG   0x000faf       data     extern C:\MCC18\v3_39\src\traditional\proc\p18F25J50.asm
                   RCREG1   0x000faf       data     extern C:\MCC18\v3_39\src\traditional\proc\p18F25J50.asm
                    SPBRG   0x000fb0       data     extern C:\MCC18\v3_39\src\traditional\proc\p18F25J50.asm
                   SPBRG1   0x000fb0       data     extern C:\MCC18\v3_39\src\traditional\proc\p18F25J50.asm
                 CTMUICON   0x000fb1       data     extern C:\MCC18\v3_39\src\traditional\proc\p18F25J50.asm
             CTMUICONbits   0x000fb1       data     extern C:\MCC18\v3_39\src\traditional\proc\p18F25J50.asm
             CTMUCONLbits   0x000fb2       data     extern C:\MCC18\v3_39\src\traditional\proc\p18F25J50.asm
                 CTMUCONL   0x000fb2       data     extern C:\MCC18\v3_39\src\traditional\proc\p18F25J50.asm
                 CTMUCONH   0x000fb3       data     extern C:\MCC18\v3_39\src\traditional\proc\p18F25J50.asm
             CTMUCONHbits   0x000fb3       data     extern C:\MCC18\v3_39\src\traditional\proc\p18F25J50.asm
              CCP2CONbits   0x000fb4       data     extern C:\MCC18\v3_39\src\traditional\proc\p18F25J50.asm
                  CCP2CON   0x000fb4       data     extern C:\MCC18\v3_39\src\traditional\proc\p18F25J50.asm
                 ECCP2CON   0x000fb4       data     extern C:\MCC18\v3_39\src\traditional\proc\p18F25J50.asm
             ECCP2CONbits   0x000fb4       data     extern C:\MCC18\v3_39\src\traditional\proc\p18F25J50.asm
                    CCPR2   0x000fb5       data     extern C:\MCC18\v3_39\src\traditional\proc\p18F25J50.asm
                   CCPR2L   0x000fb5       data     extern C:\MCC18\v3_39\src\traditional\proc\p18F25J50.asm
                   CCPR2H   0x000fb6       data     extern C:\MCC18\v3_39\src\traditional\proc\p18F25J50.asm
                 ECCP2DEL   0x000fb7       data     extern C:\MCC18\v3_39\src\traditional\proc\p18F25J50.asm
             ECCP2DELbits   0x000fb7       data     extern C:\MCC18\v3_39\src\traditional\proc\p18F25J50.asm
              PWM2CONbits   0x000fb7       data     extern C:\MCC18\v3_39\src\traditional\proc\p18F25J50.asm
                  PWM2CON   0x000fb7       data     extern C:\MCC18\v3_39\src\traditional\proc\p18F25J50.asm
              ECCP2ASbits   0x000fb8       data     extern C:\MCC18\v3_39\src\traditional\proc\p18F25J50.asm
                  ECCP2AS   0x000fb8       data     extern C:\MCC18\v3_39\src\traditional\proc\p18F25J50.asm
             PSTR2CONbits   0x000fb9       data     extern C:\MCC18\v3_39\src\traditional\proc\p18F25J50.asm
                 PSTR2CON   0x000fb9       data     extern C:\MCC18\v3_39\src\traditional\proc\p18F25J50.asm
                 ECCP1CON   0x000fba       data     extern C:\MCC18\v3_39\src\traditional\proc\p18F25J50.asm
             ECCP1CONbits   0x000fba       data     extern C:\MCC18\v3_39\src\traditional\proc\p18F25J50.asm
              CCP1CONbits   0x000fba       data     extern C:\MCC18\v3_39\src\traditional\proc\p18F25J50.asm
                  CCP1CON   0x000fba       data     extern C:\MCC18\v3_39\src\traditional\proc\p18F25J50.asm
                   CCPR1L   0x000fbb       data     extern C:\MCC18\v3_39\src\traditional\proc\p18F25J50.asm
                    CCPR1   0x000fbb       data     extern C:\MCC18\v3_39\src\traditional\proc\p18F25J50.asm
                   CCPR1H   0x000fbc       data     extern C:\MCC18\v3_39\src\traditional\proc\p18F25J50.asm
                  PWM1CON   0x000fbd       data     extern C:\MCC18\v3_39\src\traditional\proc\p18F25J50.asm
                 ECCP1DEL   0x000fbd       data     extern C:\MCC18\v3_39\src\traditional\proc\p18F25J50.asm
             ECCP1DELbits   0x000fbd       data     extern C:\MCC18\v3_39\src\traditional\proc\p18F25J50.asm
              PWM1CONbits   0x000fbd       data     extern C:\MCC18\v3_39\src\traditional\proc\p18F25J50.asm
                  ECCP1AS   0x000fbe       data     extern C:\MCC18\v3_39\src\traditional\proc\p18F25J50.asm
              ECCP1ASbits   0x000fbe       data     extern C:\MCC18\v3_39\src\traditional\proc\p18F25J50.asm
             PSTR1CONbits   0x000fbf       data     extern C:\MCC18\v3_39\src\traditional\proc\p18F25J50.asm
                 PSTR1CON   0x000fbf       data     extern C:\MCC18\v3_39\src\traditional\proc\p18F25J50.asm
                   WDTCON   0x000fc0       data     extern C:\MCC18\v3_39\src\traditional\proc\p18F25J50.asm
               WDTCONbits   0x000fc0       data     extern C:\MCC18\v3_39\src\traditional\proc\p18F25J50.asm
               ADCON1bits   0x000fc1       data     extern C:\MCC18\v3_39\src\traditional\proc\p18F25J50.asm
                   ADCON1   0x000fc1       data     extern C:\MCC18\v3_39\src\traditional\proc\p18F25J50.asm
                   ADCON0   0x000fc2       data     extern C:\MCC18\v3_39\src\traditional\proc\p18F25J50.asm
               ADCON0bits   0x000fc2       data     extern C:\MCC18\v3_39\src\traditional\proc\p18F25J50.asm
                    ADRES   0x000fc3       data     extern C:\MCC18\v3_39\src\traditional\proc\p18F25J50.asm
                   ADRESL   0x000fc3       data     extern C:\MCC18\v3_39\src\traditional\proc\p18F25J50.asm
                   ADRESH   0x000fc4       data     extern C:\MCC18\v3_39\src\traditional\proc\p18F25J50.asm
              SSPCON2bits   0x000fc5       data     extern C:\MCC18\v3_39\src\traditional\proc\p18F25J50.asm
                  SSPCON2   0x000fc5       data     extern C:\MCC18\v3_39\src\traditional\proc\p18F25J50.asm
             SSP1CON2bits   0x000fc5       data     extern C:\MCC18\v3_39\src\traditional\proc\p18F25J50.asm
                 SSP1CON2   0x000fc5       data     extern C:\MCC18\v3_39\src\traditional\proc\p18F25J50.asm
             SSP1CON1bits   0x000fc6       data     extern C:\MCC18\v3_39\src\traditional\proc\p18F25J50.asm
                 SSP1CON1   0x000fc6       data     extern C:\MCC18\v3_39\src\traditional\proc\p18F25J50.asm
                  SSPCON1   0x000fc6       data     extern C:\MCC18\v3_39\src\traditional\proc\p18F25J50.asm
              SSPCON1bits   0x000fc6       data     extern C:\MCC18\v3_39\src\traditional\proc\p18F25J50.asm
                 SSP1STAT   0x000fc7       data     extern C:\MCC18\v3_39\src\traditional\proc\p18F25J50.asm
             SSP1STATbits   0x000fc7       data     extern C:\MCC18\v3_39\src\traditional\proc\p18F25J50.asm
                  SSPSTAT   0x000fc7       data     extern C:\MCC18\v3_39\src\traditional\proc\p18F25J50.asm
              SSPSTATbits   0x000fc7       data     extern C:\MCC18\v3_39\src\traditional\proc\p18F25J50.asm
                   SSPADD   0x000fc8       data     extern C:\MCC18\v3_39\src\traditional\proc\p18F25J50.asm
               SSPADDbits   0x000fc8       data     extern C:\MCC18\v3_39\src\traditional\proc\p18F25J50.asm
              SSP1ADDbits   0x000fc8       data     extern C:\MCC18\v3_39\src\traditional\proc\p18F25J50.asm
                  SSP1ADD   0x000fc8       data     extern C:\MCC18\v3_39\src\traditional\proc\p18F25J50.asm
                  SSP1BUF   0x000fc9       data     extern C:\MCC18\v3_39\src\traditional\proc\p18F25J50.asm
                   SSPBUF   0x000fc9       data     extern C:\MCC18\v3_39\src\traditional\proc\p18F25J50.asm
                    T2CON   0x000fca       data     extern C:\MCC18\v3_39\src\traditional\proc\p18F25J50.asm
                T2CONbits   0x000fca       data     extern C:\MCC18\v3_39\src\traditional\proc\p18F25J50.asm
                      PR2   0x000fcb       data     extern C:\MCC18\v3_39\src\traditional\proc\p18F25J50.asm
                     TMR2   0x000fcc       data     extern C:\MCC18\v3_39\src\traditional\proc\p18F25J50.asm
                    T1CON   0x000fcd       data     extern C:\MCC18\v3_39\src\traditional\proc\p18F25J50.asm
                T1CONbits   0x000fcd       data     extern C:\MCC18\v3_39\src\traditional\proc\p18F25J50.asm
                    TMR1L   0x000fce       data     extern C:\MCC18\v3_39\src\traditional\proc\p18F25J50.asm
                    TMR1H   0x000fcf       data     extern C:\MCC18\v3_39\src\traditional\proc\p18F25J50.asm
                 RCONbits   0x000fd0       data     extern C:\MCC18\v3_39\src\traditional\proc\p18F25J50.asm
                     RCON   0x000fd0       data     extern C:\MCC18\v3_39\src\traditional\proc\p18F25J50.asm
                  CM2CON1   0x000fd1       data     extern C:\MCC18\v3_39\src\traditional\proc\p18F25J50.asm
                   CM2CON   0x000fd1       data     extern C:\MCC18\v3_39\src\traditional\proc\p18F25J50.asm
               CM2CONbits   0x000fd1       data     extern C:\MCC18\v3_39\src\traditional\proc\p18F25J50.asm
              CM2CON1bits   0x000fd1       data     extern C:\MCC18\v3_39\src\traditional\proc\p18F25J50.asm
                   CM1CON   0x000fd2       data     extern C:\MCC18\v3_39\src\traditional\proc\p18F25J50.asm
                  CM1CON1   0x000fd2       data     extern C:\MCC18\v3_39\src\traditional\proc\p18F25J50.asm
              CM1CON1bits   0x000fd2       data     extern C:\MCC18\v3_39\src\traditional\proc\p18F25J50.asm
               CM1CONbits   0x000fd2       data     extern C:\MCC18\v3_39\src\traditional\proc\p18F25J50.asm
                   OSCCON   0x000fd3       data     extern C:\MCC18\v3_39\src\traditional\proc\p18F25J50.asm
               OSCCONbits   0x000fd3       data     extern C:\MCC18\v3_39\src\traditional\proc\p18F25J50.asm
                T0CONbits   0x000fd5       data     extern C:\MCC18\v3_39\src\traditional\proc\p18F25J50.asm
                    T0CON   0x000fd5       data     extern C:\MCC18\v3_39\src\traditional\proc\p18F25J50.asm
                    TMR0L   0x000fd6       data     extern C:\MCC18\v3_39\src\traditional\proc\p18F25J50.asm
                    TMR0H   0x000fd7       data     extern C:\MCC18\v3_39\src\traditional\proc\p18F25J50.asm
               STATUSbits   0x000fd8       data     extern C:\MCC18\v3_39\src\traditional\proc\p18F25J50.asm
                   STATUS   0x000fd8       data     extern C:\MCC18\v3_39\src\traditional\proc\p18F25J50.asm
                     FSR2   0x000fd9       data     extern C:\MCC18\v3_39\src\traditional\proc\p18F25J50.asm
                    FSR2L   0x000fd9       data     extern C:\MCC18\v3_39\src\traditional\proc\p18F25J50.asm
                    FSR2H   0x000fda       data     extern C:\MCC18\v3_39\src\traditional\proc\p18F25J50.asm
                   PLUSW2   0x000fdb       data     extern C:\MCC18\v3_39\src\traditional\proc\p18F25J50.asm
                  PREINC2   0x000fdc       data     extern C:\MCC18\v3_39\src\traditional\proc\p18F25J50.asm
                 POSTDEC2   0x000fdd       data     extern C:\MCC18\v3_39\src\traditional\proc\p18F25J50.asm
                 POSTINC2   0x000fde       data     extern C:\MCC18\v3_39\src\traditional\proc\p18F25J50.asm
                    INDF2   0x000fdf       data     extern C:\MCC18\v3_39\src\traditional\proc\p18F25J50.asm
                      BSR   0x000fe0       data     extern C:\MCC18\v3_39\src\traditional\proc\p18F25J50.asm
                    FSR1L   0x000fe1       data     extern C:\MCC18\v3_39\src\traditional\proc\p18F25J50.asm
                     FSR1   0x000fe1       data     extern C:\MCC18\v3_39\src\traditional\proc\p18F25J50.asm
                    FSR1H   0x000fe2       data     extern C:\MCC18\v3_39\src\traditional\proc\p18F25J50.asm
                   PLUSW1   0x000fe3       data     extern C:\MCC18\v3_39\src\traditional\proc\p18F25J50.asm
                  PREINC1   0x000fe4       data     extern C:\MCC18\v3_39\src\traditional\proc\p18F25J50.asm
                 POSTDEC1   0x000fe5       data     extern C:\MCC18\v3_39\src\traditional\proc\p18F25J50.asm
                 POSTINC1   0x000fe6       data     extern C:\MCC18\v3_39\src\traditional\proc\p18F25J50.asm
                    INDF1   0x000fe7       data     extern C:\MCC18\v3_39\src\traditional\proc\p18F25J50.asm
                     WREG   0x000fe8       data     extern C:\MCC18\v3_39\src\traditional\proc\p18F25J50.asm
                     FSR0   0x000fe9       data     extern C:\MCC18\v3_39\src\traditional\proc\p18F25J50.asm
                    FSR0L   0x000fe9       data     extern C:\MCC18\v3_39\src\traditional\proc\p18F25J50.asm
                    FSR0H   0x000fea       data     extern C:\MCC18\v3_39\src\traditional\proc\p18F25J50.asm
                   PLUSW0   0x000feb       data     extern C:\MCC18\v3_39\src\traditional\proc\p18F25J50.asm
                  PREINC0   0x000fec       data     extern C:\MCC18\v3_39\src\traditional\proc\p18F25J50.asm
                 POSTDEC0   0x000fed       data     extern C:\MCC18\v3_39\src\traditional\proc\p18F25J50.asm
                 POSTINC0   0x000fee       data     extern C:\MCC18\v3_39\src\traditional\proc\p18F25J50.asm
                    INDF0   0x000fef       data     extern C:\MCC18\v3_39\src\traditional\proc\p18F25J50.asm
              INTCON3bits   0x000ff0       data     extern C:\MCC18\v3_39\src\traditional\proc\p18F25J50.asm
                  INTCON3   0x000ff0       data     extern C:\MCC18\v3_39\src\traditional\proc\p18F25J50.asm
              INTCON2bits   0x000ff1       data     extern C:\MCC18\v3_39\src\traditional\proc\p18F25J50.asm
                  INTCON2   0x000ff1       data     extern C:\MCC18\v3_39\src\traditional\proc\p18F25J50.asm
                   INTCON   0x000ff2       data     extern C:\MCC18\v3_39\src\traditional\proc\p18F25J50.asm
               INTCONbits   0x000ff2       data     extern C:\MCC18\v3_39\src\traditional\proc\p18F25J50.asm
                     PROD   0x000ff3       data     extern C:\MCC18\v3_39\src\traditional\proc\p18F25J50.asm
                    PRODL   0x000ff3       data     extern C:\MCC18\v3_39\src\traditional\proc\p18F25J50.asm
                    PRODH   0x000ff4       data     extern C:\MCC18\v3_39\src\traditional\proc\p18F25J50.asm
                   TABLAT   0x000ff5       data     extern C:\MCC18\v3_39\src\traditional\proc\p18F25J50.asm
                  TBLPTRL   0x000ff6       data     extern C:\MCC18\v3_39\src\traditional\proc\p18F25J50.asm
                   TBLPTR   0x000ff6       data     extern C:\MCC18\v3_39\src\traditional\proc\p18F25J50.asm
                  TBLPTRH   0x000ff7       data     extern C:\MCC18\v3_39\src\traditional\proc\p18F25J50.asm
                  TBLPTRU   0x000ff8       data     extern C:\MCC18\v3_39\src\traditional\proc\p18F25J50.asm
                      PCL   0x000ff9       data     extern C:\MCC18\v3_39\src\traditional\proc\p18F25J50.asm
                       PC   0x000ff9       data     extern C:\MCC18\v3_39\src\traditional\proc\p18F25J50.asm
                   PCLATH   0x000ffa       data     extern C:\MCC18\v3_39\src\traditional\proc\p18F25J50.asm
                   PCLATU   0x000ffb       data     extern C:\MCC18\v3_39\src\traditional\proc\p18F25J50.asm
               STKPTRbits   0x000ffc       data     extern C:\MCC18\v3_39\src\traditional\proc\p18F25J50.asm
                   STKPTR   0x000ffc       data     extern C:\MCC18\v3_39\src\traditional\proc\p18F25J50.asm
                      TOS   0x000ffd       data     extern C:\MCC18\v3_39\src\traditional\proc\p18F25J50.asm
                     TOSL   0x000ffd       data     extern C:\MCC18\v3_39\src\traditional\proc\p18F25J50.asm
                     TOSH   0x000ffe       data     extern C:\MCC18\v3_39\src\traditional\proc\p18F25J50.asm
                     TOSU   0x000fff       data     extern C:\MCC18\v3_39\src\traditional\proc\p18F25J50.asm


